Godot Engine v4.7.2.stable.official.ed1daf0bf - https://godotengine.org
Metal 4.0 - Forward Mobile - Using Device #0: Apple - Apple M2 (Apple8)

La Última Taquería — BOSS-01 temporary wiring ready.
ART_01D_PIXELS height=1620 ingredient=tortilla start=(0, 0): 25 unchanged tokens / 4 distinct bridges
ART_01D_PIXELS height=1620 ingredient=tortilla start=(4, 4): 25 unchanged tokens / 4 distinct bridges
ART_01D_PIXELS height=1620 ingredient=meat start=(0, 0): 25 unchanged tokens / 4 distinct bridges
ART_01D_PIXELS height=1620 ingredient=meat start=(4, 4): 25 unchanged tokens / 4 distinct bridges
ART_01D_PIXELS height=1620 ingredient=veggie start=(0, 0): 25 unchanged tokens / 4 distinct bridges
ART_01D_PIXELS height=1620 ingredient=veggie start=(4, 4): 25 unchanged tokens / 4 distinct bridges
La Última Taquería — BOSS-01 temporary wiring ready.
ART_01D_PIXELS height=1920 ingredient=tortilla start=(0, 0): 25 unchanged tokens / 4 distinct bridges
ART_01D_PIXELS height=1920 ingredient=tortilla start=(4, 4): 25 unchanged tokens / 4 distinct bridges
ART_01D_PIXELS height=1920 ingredient=meat start=(0, 0): 25 unchanged tokens / 4 distinct bridges
ART_01D_PIXELS height=1920 ingredient=meat start=(4, 4): 25 unchanged tokens / 4 distinct bridges
ART_01D_PIXELS height=1920 ingredient=veggie start=(0, 0): 25 unchanged tokens / 4 distinct bridges
ART_01D_PIXELS height=1920 ingredient=veggie start=(4, 4): 25 unchanged tokens / 4 distinct bridges
La Última Taquería — BOSS-01 temporary wiring ready.
ART_01D_PIXELS height=2400 ingredient=tortilla start=(0, 0): 25 unchanged tokens / 4 distinct bridges
ART_01D_PIXELS height=2400 ingredient=tortilla start=(4, 4): 25 unchanged tokens / 4 distinct bridges
ART_01D_PIXELS height=2400 ingredient=meat start=(0, 0): 25 unchanged tokens / 4 distinct bridges
ART_01D_PIXELS height=2400 ingredient=meat start=(4, 4): 25 unchanged tokens / 4 distinct bridges
ART_01D_PIXELS height=2400 ingredient=veggie start=(0, 0): 25 unchanged tokens / 4 distinct bridges
ART_01D_PIXELS height=2400 ingredient=veggie start=(4, 4): 25 unchanged tokens / 4 distinct bridges
ART_01D_PIXELS 522 checks 0 failures
