uat-import PASS
art01c-import PASS
import PASS
art01c-regular-1620 PASS
art01c-fractional-1620 PASS
art01c-crowded-1620 PASS
art01c-unselected-1620 PASS
art01c-bounds-1620 PASS
art01c-turns-1620 PASS
art01c-chain-2-1620 PASS
art01c-chain-3-1620 PASS
art01c-chain-4-1620 PASS
art01c-chain-5-1620 PASS
art01c-subunit-1620 PASS
art01c-regular-1920 PASS
art01c-fractional-1920 PASS
art01c-crowded-1920 PASS
art01c-unselected-1920 PASS
art01c-bounds-1920 PASS
art01c-turns-1920 PASS
art01c-chain-2-1920 PASS
art01c-chain-3-1920 PASS
art01c-chain-4-1920 PASS
art01c-chain-5-1920 PASS
art01c-subunit-1920 PASS
art01c-regular-2400 PASS
art01c-fractional-2400 PASS
art01c-crowded-2400 PASS
art01c-unselected-2400 PASS
art01c-bounds-2400 PASS
art01c-turns-2400 PASS
art01c-chain-2-2400 PASS
art01c-chain-3-2400 PASS
art01c-chain-4-2400 PASS
art01c-chain-5-2400 PASS
art01c-subunit-2400 PASS
art01d-regular-1620 PASS
art01d-fractional-1620 PASS
art01d-crowded-1620 PASS
art01d-unselected-1620 PASS
art01d-bounds-1620 PASS
art01d-turns-1620 PASS
art01d-chain-2-1620 PASS
art01d-chain-3-1620 PASS
art01d-chain-4-1620 PASS
art01d-chain-5-1620 PASS
art01d-subunit-1620 PASS
art01d-regular-1920 PASS
art01d-fractional-1920 PASS
art01d-crowded-1920 PASS
art01d-unselected-1920 PASS
art01d-bounds-1920 PASS
art01d-turns-1920 PASS
art01d-chain-2-1920 PASS
art01d-chain-3-1920 PASS
art01d-chain-4-1920 PASS
art01d-chain-5-1920 PASS
art01d-subunit-1920 PASS
art01d-regular-2400 PASS
art01d-fractional-2400 PASS
art01d-crowded-2400 PASS
art01d-unselected-2400 PASS
art01d-bounds-2400 PASS
art01d-turns-2400 PASS
art01d-chain-2-2400 PASS
art01d-chain-3-2400 PASS
art01d-chain-4-2400 PASS
art01d-chain-5-2400 PASS
art01d-subunit-2400 PASS
pixels PASS
chain-pixels PASS
grayscale PASS
comparisons PASS
perf-uat-1 PASS
selected-perf-uat-1 PASS
perf-art01c-1 PASS
selected-perf-art01c-1 PASS
perf-art01d-1 PASS
selected-perf-art01d-1 PASS
perf-uat-2 PASS
selected-perf-uat-2 PASS
perf-art01c-2 PASS
selected-perf-art01c-2 PASS
perf-art01d-2 PASS
selected-perf-art01d-2 PASS
perf-uat-3 PASS
selected-perf-uat-3 PASS
perf-art01c-3 PASS
selected-perf-art01c-3 PASS
perf-art01d-3 PASS
selected-perf-art01d-3 PASS
perf-uat-4 PASS
selected-perf-uat-4 PASS
perf-art01c-4 PASS
selected-perf-art01c-4 PASS
perf-art01d-4 PASS
selected-perf-art01d-4 PASS
perf-uat-5 PASS
selected-perf-uat-5 PASS
perf-art01c-5 PASS
selected-perf-art01c-5 PASS
perf-art01d-5 PASS
selected-perf-art01d-5 PASS
ART-01D EVIDENCE PASS
