Godot Engine v4.7.2.stable.official.ed1daf0bf - https://godotengine.org

INP_PROBE {"board_seed":20260920,"correlation":"temporal heuristic only; not a physical gesture claim","counts":{"chain_cancelled":0,"chain_completed":0,"chain_started":0,"raw":0,"try_add":0},"display_server":"headless","emulate_mouse_from_touch":true,"emulate_touch_from_mouse":false,"engine":"4.7.2-stable (official)","gesture_probe_seq":0,"kind":"environment","log_path":"","os":"macOS","renderer":"mobile","run_seed":20260921,"timestamp_usec":153701}
INP_PROBE {"counts":{"chain_cancelled":0,"chain_completed":0,"chain_started":0,"raw":1,"try_add":0},"device":0,"event_type":"InputEventScreenTouch","gesture_probe_seq":1,"kind":"raw_input","position":[118.0,864.0],"pressed":true,"timestamp_usec":159693,"touch_index":0}
INP_PROBE {"counts":{"chain_cancelled":0,"chain_completed":0,"chain_started":1,"raw":1,"try_add":0},"gesture_probe_seq":1,"kind":"chain_started","points":[[0,0]],"timestamp_usec":159820}
INP_PROBE {"counts":{"chain_cancelled":0,"chain_completed":0,"chain_started":1,"raw":2,"try_add":0},"device":0,"event_type":"InputEventScreenDrag","gesture_probe_seq":1,"kind":"raw_input","position":[329.5,864.0],"timestamp_usec":159865,"touch_index":0}
INP_PROBE {"counts":{"chain_cancelled":0,"chain_completed":0,"chain_started":1,"raw":2,"try_add":0},"gesture_probe_seq":1,"kind":"chain_changed","points":[[0,0],[1,0]],"timestamp_usec":159920}
INP_PROBE {"counts":{"chain_cancelled":0,"chain_completed":0,"chain_started":1,"raw":3,"try_add":0},"device":0,"event_type":"InputEventScreenDrag","gesture_probe_seq":1,"kind":"raw_input","position":[540.5,864.0],"timestamp_usec":159948,"touch_index":0}
INP_PROBE {"counts":{"chain_cancelled":0,"chain_completed":0,"chain_started":1,"raw":3,"try_add":0},"gesture_probe_seq":1,"kind":"chain_changed","points":[[0,0],[1,0],[2,0]],"timestamp_usec":159992}
INP_PROBE {"counts":{"chain_cancelled":0,"chain_completed":0,"chain_started":1,"raw":4,"try_add":0},"device":0,"event_type":"InputEventScreenTouch","gesture_probe_seq":1,"kind":"raw_input","position":[540.5,864.0],"pressed":false,"timestamp_usec":160017,"touch_index":0}
INP_PROBE {"counts":{"chain_cancelled":0,"chain_completed":1,"chain_started":1,"raw":4,"try_add":0},"gesture_probe_seq":1,"ingredient":"tortilla","kind":"chain_completed","points":[[0,0],[1,0],[2,0]],"timestamp_usec":160110}
INP_PROBE {"board_seed":20260920,"correlation":"temporal heuristic only; not a physical gesture claim","counts":{"chain_cancelled":0,"chain_completed":0,"chain_started":0,"raw":0,"try_add":0},"display_server":"headless","emulate_mouse_from_touch":true,"emulate_touch_from_mouse":false,"engine":"4.7.2-stable (official)","gesture_probe_seq":0,"kind":"environment","log_path":"","os":"macOS","renderer":"mobile","run_seed":20260921,"timestamp_usec":163742}
INP_PROBE {"counts":{"chain_cancelled":0,"chain_completed":0,"chain_started":0,"raw":1,"try_add":0},"device":0,"event_type":"InputEventScreenTouch","gesture_probe_seq":1,"kind":"raw_input","position":[118.0,864.0],"pressed":true,"timestamp_usec":169840,"touch_index":0}
INP_PROBE {"accepted":true,"coord":[0,0],"counts":{"chain_cancelled":0,"chain_completed":0,"chain_started":0,"raw":1,"try_add":1},"gesture_probe_seq":1,"ingredient":"tortilla","kind":"try_add","points":[[0,0]],"timestamp_usec":169909}
INP_PROBE {"counts":{"chain_cancelled":0,"chain_completed":0,"chain_started":1,"raw":1,"try_add":1},"gesture_probe_seq":1,"kind":"chain_started","points":[[0,0]],"timestamp_usec":169947}
INP_PROBE {"counts":{"chain_cancelled":0,"chain_completed":0,"chain_started":1,"raw":2,"try_add":1},"device":0,"event_type":"InputEventScreenDrag","gesture_probe_seq":1,"kind":"raw_input","position":[329.5,864.0],"timestamp_usec":169973,"touch_index":0}
INP_PROBE {"accepted":true,"coord":[1,0],"counts":{"chain_cancelled":0,"chain_completed":0,"chain_started":1,"raw":2,"try_add":2},"gesture_probe_seq":1,"ingredient":"tortilla","kind":"try_add","points":[[0,0],[1,0]],"timestamp_usec":170012}
INP_PROBE {"counts":{"chain_cancelled":0,"chain_completed":0,"chain_started":1,"raw":2,"try_add":2},"gesture_probe_seq":1,"kind":"chain_changed","points":[[0,0],[1,0]],"timestamp_usec":170041}
INP_PROBE {"counts":{"chain_cancelled":0,"chain_completed":0,"chain_started":1,"raw":3,"try_add":2},"device":0,"event_type":"InputEventScreenDrag","gesture_probe_seq":1,"kind":"raw_input","position":[540.5,864.0],"timestamp_usec":170072,"touch_index":0}
INP_PROBE {"accepted":true,"coord":[2,0],"counts":{"chain_cancelled":0,"chain_completed":0,"chain_started":1,"raw":3,"try_add":3},"gesture_probe_seq":1,"ingredient":"tortilla","kind":"try_add","points":[[0,0],[1,0],[2,0]],"timestamp_usec":170107}
INP_PROBE {"counts":{"chain_cancelled":0,"chain_completed":0,"chain_started":1,"raw":3,"try_add":3},"gesture_probe_seq":1,"kind":"chain_changed","points":[[0,0],[1,0],[2,0]],"timestamp_usec":170134}
INP_PROBE {"counts":{"chain_cancelled":0,"chain_completed":0,"chain_started":1,"raw":4,"try_add":3},"device":0,"event_type":"InputEventScreenTouch","gesture_probe_seq":1,"kind":"raw_input","position":[540.5,864.0],"pressed":false,"timestamp_usec":170155,"touch_index":0}
INP_PROBE {"counts":{"chain_cancelled":0,"chain_completed":1,"chain_started":1,"raw":4,"try_add":3},"gesture_probe_seq":1,"ingredient":"tortilla","kind":"chain_completed","points":[[0,0],[1,0],[2,0]],"timestamp_usec":170224}
INP_PROBE {"board_seed":20260920,"correlation":"temporal heuristic only; not a physical gesture claim","counts":{"chain_cancelled":0,"chain_completed":0,"chain_started":0,"raw":0,"try_add":0},"display_server":"headless","emulate_mouse_from_touch":true,"emulate_touch_from_mouse":false,"engine":"4.7.2-stable (official)","gesture_probe_seq":0,"kind":"environment","log_path":"","os":"macOS","renderer":"mobile","run_seed":20260921,"timestamp_usec":179831}
INP_PROBE {"button_index":1,"counts":{"chain_cancelled":0,"chain_completed":0,"chain_started":0,"raw":1,"try_add":0},"device":32,"event_type":"InputEventMouseButton","gesture_probe_seq":1,"kind":"raw_input","position":[118.0,864.0],"pressed":true,"timestamp_usec":191116}
INP_PROBE {"counts":{"chain_cancelled":0,"chain_completed":0,"chain_started":1,"raw":1,"try_add":0},"gesture_probe_seq":1,"kind":"chain_started","points":[[0,0]],"timestamp_usec":191204}
INP_PROBE {"button_mask":1,"counts":{"chain_cancelled":0,"chain_completed":0,"chain_started":1,"raw":2,"try_add":0},"device":32,"event_type":"InputEventMouseMotion","gesture_probe_seq":1,"kind":"raw_input","position":[329.5,864.0],"timestamp_usec":191240}
INP_PROBE {"counts":{"chain_cancelled":0,"chain_completed":0,"chain_started":1,"raw":2,"try_add":0},"gesture_probe_seq":1,"kind":"chain_changed","points":[[0,0],[1,0]],"timestamp_usec":191644}
INP_PROBE {"button_mask":1,"counts":{"chain_cancelled":0,"chain_completed":0,"chain_started":1,"raw":3,"try_add":0},"device":32,"event_type":"InputEventMouseMotion","gesture_probe_seq":1,"kind":"raw_input","position":[540.5,864.0],"timestamp_usec":191677}
INP_PROBE {"counts":{"chain_cancelled":0,"chain_completed":0,"chain_started":1,"raw":3,"try_add":0},"gesture_probe_seq":1,"kind":"chain_changed","points":[[0,0],[1,0],[2,0]],"timestamp_usec":191721}
INP_PROBE {"button_index":1,"counts":{"chain_cancelled":0,"chain_completed":0,"chain_started":1,"raw":4,"try_add":0},"device":32,"event_type":"InputEventMouseButton","gesture_probe_seq":1,"kind":"raw_input","position":[540.5,864.0],"pressed":false,"timestamp_usec":191748}
INP_PROBE {"counts":{"chain_cancelled":0,"chain_completed":1,"chain_started":1,"raw":4,"try_add":0},"gesture_probe_seq":1,"ingredient":"tortilla","kind":"chain_completed","points":[[0,0],[1,0],[2,0]],"timestamp_usec":191821}
INP_PROBE {"board_seed":20260920,"correlation":"temporal heuristic only; not a physical gesture claim","counts":{"chain_cancelled":0,"chain_completed":0,"chain_started":0,"raw":0,"try_add":0},"display_server":"headless","emulate_mouse_from_touch":true,"emulate_touch_from_mouse":false,"engine":"4.7.2-stable (official)","gesture_probe_seq":0,"kind":"environment","log_path":"","os":"macOS","renderer":"mobile","run_seed":20260921,"timestamp_usec":199701}
INP_PROBE {"button_index":1,"counts":{"chain_cancelled":0,"chain_completed":0,"chain_started":0,"raw":1,"try_add":0},"device":32,"event_type":"InputEventMouseButton","gesture_probe_seq":1,"kind":"raw_input","position":[118.0,864.0],"pressed":true,"timestamp_usec":211686}
INP_PROBE {"accepted":true,"coord":[0,0],"counts":{"chain_cancelled":0,"chain_completed":0,"chain_started":0,"raw":1,"try_add":1},"gesture_probe_seq":1,"ingredient":"tortilla","kind":"try_add","points":[[0,0]],"timestamp_usec":211763}
INP_PROBE {"counts":{"chain_cancelled":0,"chain_completed":0,"chain_started":1,"raw":1,"try_add":1},"gesture_probe_seq":1,"kind":"chain_started","points":[[0,0]],"timestamp_usec":211804}
INP_PROBE {"button_mask":1,"counts":{"chain_cancelled":0,"chain_completed":0,"chain_started":1,"raw":2,"try_add":1},"device":32,"event_type":"InputEventMouseMotion","gesture_probe_seq":1,"kind":"raw_input","position":[329.5,864.0],"timestamp_usec":211837}
INP_PROBE {"accepted":true,"coord":[1,0],"counts":{"chain_cancelled":0,"chain_completed":0,"chain_started":1,"raw":2,"try_add":2},"gesture_probe_seq":1,"ingredient":"tortilla","kind":"try_add","points":[[0,0],[1,0]],"timestamp_usec":211880}
INP_PROBE {"counts":{"chain_cancelled":0,"chain_completed":0,"chain_started":1,"raw":2,"try_add":2},"gesture_probe_seq":1,"kind":"chain_changed","points":[[0,0],[1,0]],"timestamp_usec":211916}
INP_PROBE {"button_mask":1,"counts":{"chain_cancelled":0,"chain_completed":0,"chain_started":1,"raw":3,"try_add":2},"device":32,"event_type":"InputEventMouseMotion","gesture_probe_seq":1,"kind":"raw_input","position":[540.5,864.0],"timestamp_usec":211947}
INP_PROBE {"accepted":true,"coord":[2,0],"counts":{"chain_cancelled":0,"chain_completed":0,"chain_started":1,"raw":3,"try_add":3},"gesture_probe_seq":1,"ingredient":"tortilla","kind":"try_add","points":[[0,0],[1,0],[2,0]],"timestamp_usec":211986}
INP_PROBE {"counts":{"chain_cancelled":0,"chain_completed":0,"chain_started":1,"raw":3,"try_add":3},"gesture_probe_seq":1,"kind":"chain_changed","points":[[0,0],[1,0],[2,0]],"timestamp_usec":212017}
INP_PROBE {"button_index":1,"counts":{"chain_cancelled":0,"chain_completed":0,"chain_started":1,"raw":4,"try_add":3},"device":32,"event_type":"InputEventMouseButton","gesture_probe_seq":1,"kind":"raw_input","position":[540.5,864.0],"pressed":false,"timestamp_usec":212047}
INP_PROBE {"counts":{"chain_cancelled":0,"chain_completed":1,"chain_started":1,"raw":4,"try_add":3},"gesture_probe_seq":1,"ingredient":"tortilla","kind":"chain_completed","points":[[0,0],[1,0],[2,0]],"timestamp_usec":212120}
INP_PROBE {"board_seed":20260920,"correlation":"temporal heuristic only; not a physical gesture claim","counts":{"chain_cancelled":0,"chain_completed":0,"chain_started":0,"raw":0,"try_add":0},"display_server":"headless","emulate_mouse_from_touch":true,"emulate_touch_from_mouse":false,"engine":"4.7.2-stable (official)","gesture_probe_seq":0,"kind":"environment","log_path":"","os":"macOS","renderer":"mobile","run_seed":20260921,"timestamp_usec":221115}
INP_PROBE {"counts":{"chain_cancelled":0,"chain_completed":0,"chain_started":0,"raw":1,"try_add":0},"device":0,"event_type":"InputEventScreenTouch","gesture_probe_seq":1,"kind":"raw_input","position":[118.0,864.0],"pressed":true,"timestamp_usec":232465,"touch_index":0}
INP_PROBE {"counts":{"chain_cancelled":0,"chain_completed":0,"chain_started":1,"raw":1,"try_add":0},"gesture_probe_seq":1,"kind":"chain_started","points":[[0,0]],"timestamp_usec":232543}
INP_PROBE {"button_index":1,"counts":{"chain_cancelled":0,"chain_completed":0,"chain_started":1,"raw":2,"try_add":0},"device":32,"event_type":"InputEventMouseButton","gesture_probe_seq":1,"kind":"raw_input","position":[118.0,864.0],"pressed":true,"timestamp_usec":232583}
INP_PROBE {"counts":{"chain_cancelled":0,"chain_completed":0,"chain_started":2,"raw":2,"try_add":0},"gesture_probe_seq":1,"kind":"chain_started","points":[[0,0]],"timestamp_usec":232640}
INP_PROBE {"counts":{"chain_cancelled":0,"chain_completed":0,"chain_started":2,"raw":3,"try_add":0},"device":0,"event_type":"InputEventScreenDrag","gesture_probe_seq":1,"kind":"raw_input","position":[329.5,864.0],"timestamp_usec":232668,"touch_index":0}
INP_PROBE {"counts":{"chain_cancelled":0,"chain_completed":0,"chain_started":2,"raw":3,"try_add":0},"gesture_probe_seq":1,"kind":"chain_changed","points":[[0,0],[1,0]],"timestamp_usec":232725}
INP_PROBE {"button_mask":1,"counts":{"chain_cancelled":0,"chain_completed":0,"chain_started":2,"raw":4,"try_add":0},"device":32,"event_type":"InputEventMouseMotion","gesture_probe_seq":1,"kind":"raw_input","position":[329.5,864.0],"timestamp_usec":232756}
INP_PROBE {"counts":{"chain_cancelled":0,"chain_completed":0,"chain_started":2,"raw":5,"try_add":0},"device":0,"event_type":"InputEventScreenDrag","gesture_probe_seq":1,"kind":"raw_input","position":[540.5,864.0],"timestamp_usec":232797,"touch_index":0}
INP_PROBE {"counts":{"chain_cancelled":0,"chain_completed":0,"chain_started":2,"raw":5,"try_add":0},"gesture_probe_seq":1,"kind":"chain_changed","points":[[0,0],[1,0],[2,0]],"timestamp_usec":232846}
INP_PROBE {"button_mask":1,"counts":{"chain_cancelled":0,"chain_completed":0,"chain_started":2,"raw":6,"try_add":0},"device":32,"event_type":"InputEventMouseMotion","gesture_probe_seq":1,"kind":"raw_input","position":[540.5,864.0],"timestamp_usec":232874}
INP_PROBE {"counts":{"chain_cancelled":0,"chain_completed":0,"chain_started":2,"raw":7,"try_add":0},"device":0,"event_type":"InputEventScreenTouch","gesture_probe_seq":1,"kind":"raw_input","position":[540.5,864.0],"pressed":false,"timestamp_usec":232914,"touch_index":0}
INP_PROBE {"counts":{"chain_cancelled":0,"chain_completed":1,"chain_started":2,"raw":7,"try_add":0},"gesture_probe_seq":1,"ingredient":"tortilla","kind":"chain_completed","points":[[0,0],[1,0],[2,0]],"timestamp_usec":232993}
INP_PROBE {"button_index":1,"counts":{"chain_cancelled":0,"chain_completed":1,"chain_started":2,"raw":8,"try_add":0},"device":32,"event_type":"InputEventMouseButton","gesture_probe_seq":1,"kind":"raw_input","position":[540.5,864.0],"pressed":false,"timestamp_usec":233031}
INP_PROBE {"board_seed":20260920,"correlation":"temporal heuristic only; not a physical gesture claim","counts":{"chain_cancelled":0,"chain_completed":0,"chain_started":0,"raw":0,"try_add":0},"display_server":"headless","emulate_mouse_from_touch":true,"emulate_touch_from_mouse":false,"engine":"4.7.2-stable (official)","gesture_probe_seq":0,"kind":"environment","log_path":"","os":"macOS","renderer":"mobile","run_seed":20260921,"timestamp_usec":242161}
INP_PROBE {"counts":{"chain_cancelled":0,"chain_completed":0,"chain_started":0,"raw":1,"try_add":0},"device":0,"event_type":"InputEventScreenTouch","gesture_probe_seq":1,"kind":"raw_input","position":[118.0,864.0],"pressed":true,"timestamp_usec":253159,"touch_index":0}
INP_PROBE {"accepted":true,"coord":[0,0],"counts":{"chain_cancelled":0,"chain_completed":0,"chain_started":0,"raw":1,"try_add":1},"gesture_probe_seq":1,"ingredient":"tortilla","kind":"try_add","points":[[0,0]],"timestamp_usec":253226}
INP_PROBE {"counts":{"chain_cancelled":0,"chain_completed":0,"chain_started":1,"raw":1,"try_add":1},"gesture_probe_seq":1,"kind":"chain_started","points":[[0,0]],"timestamp_usec":253264}
INP_PROBE {"button_index":1,"counts":{"chain_cancelled":0,"chain_completed":0,"chain_started":1,"raw":2,"try_add":1},"device":32,"event_type":"InputEventMouseButton","gesture_probe_seq":1,"kind":"raw_input","position":[118.0,864.0],"pressed":true,"timestamp_usec":253300}
INP_PROBE {"accepted":true,"coord":[0,0],"counts":{"chain_cancelled":0,"chain_completed":0,"chain_started":1,"raw":2,"try_add":2},"gesture_probe_seq":1,"ingredient":"tortilla","kind":"try_add","points":[[0,0]],"timestamp_usec":253348}
INP_PROBE {"counts":{"chain_cancelled":0,"chain_completed":0,"chain_started":2,"raw":2,"try_add":2},"gesture_probe_seq":1,"kind":"chain_started","points":[[0,0]],"timestamp_usec":253381}
INP_PROBE {"counts":{"chain_cancelled":0,"chain_completed":0,"chain_started":2,"raw":3,"try_add":2},"device":0,"event_type":"InputEventScreenDrag","gesture_probe_seq":1,"kind":"raw_input","position":[329.5,864.0],"timestamp_usec":253408,"touch_index":0}
INP_PROBE {"accepted":true,"coord":[1,0],"counts":{"chain_cancelled":0,"chain_completed":0,"chain_started":2,"raw":3,"try_add":3},"gesture_probe_seq":1,"ingredient":"tortilla","kind":"try_add","points":[[0,0],[1,0]],"timestamp_usec":253469}
INP_PROBE {"counts":{"chain_cancelled":0,"chain_completed":0,"chain_started":2,"raw":3,"try_add":3},"gesture_probe_seq":1,"kind":"chain_changed","points":[[0,0],[1,0]],"timestamp_usec":253504}
INP_PROBE {"button_mask":1,"counts":{"chain_cancelled":0,"chain_completed":0,"chain_started":2,"raw":4,"try_add":3},"device":32,"event_type":"InputEventMouseMotion","gesture_probe_seq":1,"kind":"raw_input","position":[329.5,864.0],"timestamp_usec":253534}
INP_PROBE {"accepted":false,"coord":[1,0],"counts":{"chain_cancelled":0,"chain_completed":0,"chain_started":2,"raw":4,"try_add":4},"gesture_probe_seq":1,"ingredient":"tortilla","kind":"try_add","points":[[0,0],[1,0]],"timestamp_usec":253574}
INP_PROBE {"counts":{"chain_cancelled":0,"chain_completed":0,"chain_started":2,"raw":5,"try_add":4},"device":0,"event_type":"InputEventScreenDrag","gesture_probe_seq":1,"kind":"raw_input","position":[540.5,864.0],"timestamp_usec":253602,"touch_index":0}
INP_PROBE {"accepted":true,"coord":[2,0],"counts":{"chain_cancelled":0,"chain_completed":0,"chain_started":2,"raw":5,"try_add":5},"gesture_probe_seq":1,"ingredient":"tortilla","kind":"try_add","points":[[0,0],[1,0],[2,0]],"timestamp_usec":253641}
INP_PROBE {"counts":{"chain_cancelled":0,"chain_completed":0,"chain_started":2,"raw":5,"try_add":5},"gesture_probe_seq":1,"kind":"chain_changed","points":[[0,0],[1,0],[2,0]],"timestamp_usec":253674}
INP_PROBE {"button_mask":1,"counts":{"chain_cancelled":0,"chain_completed":0,"chain_started":2,"raw":6,"try_add":5},"device":32,"event_type":"InputEventMouseMotion","gesture_probe_seq":1,"kind":"raw_input","position":[540.5,864.0],"timestamp_usec":253706}
INP_PROBE {"accepted":false,"coord":[2,0],"counts":{"chain_cancelled":0,"chain_completed":0,"chain_started":2,"raw":6,"try_add":6},"gesture_probe_seq":1,"ingredient":"tortilla","kind":"try_add","points":[[0,0],[1,0],[2,0]],"timestamp_usec":253746}
INP_PROBE {"counts":{"chain_cancelled":0,"chain_completed":0,"chain_started":2,"raw":7,"try_add":6},"device":0,"event_type":"InputEventScreenTouch","gesture_probe_seq":1,"kind":"raw_input","position":[540.5,864.0],"pressed":false,"timestamp_usec":253774,"touch_index":0}
INP_PROBE {"counts":{"chain_cancelled":0,"chain_completed":1,"chain_started":2,"raw":7,"try_add":6},"gesture_probe_seq":1,"ingredient":"tortilla","kind":"chain_completed","points":[[0,0],[1,0],[2,0]],"timestamp_usec":253856}
INP_PROBE {"button_index":1,"counts":{"chain_cancelled":0,"chain_completed":1,"chain_started":2,"raw":8,"try_add":6},"device":32,"event_type":"InputEventMouseButton","gesture_probe_seq":1,"kind":"raw_input","position":[540.5,864.0],"pressed":false,"timestamp_usec":253895}
INP_PROBE {"board_seed":20260920,"correlation":"temporal heuristic only; not a physical gesture claim","counts":{"chain_cancelled":0,"chain_completed":0,"chain_started":0,"raw":0,"try_add":0},"display_server":"headless","emulate_mouse_from_touch":true,"emulate_touch_from_mouse":false,"engine":"4.7.2-stable (official)","gesture_probe_seq":0,"kind":"environment","log_path":"","os":"macOS","renderer":"mobile","run_seed":20260921,"timestamp_usec":262877}
INP_PROBE {"board_seed":20260920,"counts":{"chain_cancelled":0,"chain_completed":0,"chain_started":0,"raw":0,"try_add":0},"gesture_probe_seq":0,"kind":"reset","layout":"two_tortilla_rows","timestamp_usec":274026}
INP_PROBE {"counts":{"chain_cancelled":0,"chain_completed":0,"chain_started":0,"raw":1,"try_add":0},"device":0,"event_type":"InputEventScreenTouch","gesture_probe_seq":1,"kind":"raw_input","position":[118.0,864.0],"pressed":true,"timestamp_usec":274078,"touch_index":0}
INP_PROBE {"accepted":true,"coord":[0,0],"counts":{"chain_cancelled":0,"chain_completed":0,"chain_started":0,"raw":1,"try_add":1},"gesture_probe_seq":1,"ingredient":"tortilla","kind":"try_add","points":[[0,0]],"timestamp_usec":274141}
INP_PROBE {"counts":{"chain_cancelled":0,"chain_completed":0,"chain_started":1,"raw":1,"try_add":1},"gesture_probe_seq":1,"kind":"chain_started","points":[[0,0]],"timestamp_usec":274191}
INP_PROBE {"counts":{"chain_cancelled":0,"chain_completed":0,"chain_started":1,"raw":2,"try_add":1},"device":0,"event_type":"InputEventScreenTouch","gesture_probe_seq":1,"kind":"raw_input","position":[118.0,864.0],"pressed":false,"timestamp_usec":274223,"touch_index":0}
INP_PROBE {"counts":{"chain_cancelled":1,"chain_completed":0,"chain_started":1,"raw":2,"try_add":1},"gesture_probe_seq":1,"kind":"chain_cancelled","timestamp_usec":274264}
INP_PROBE {"board_seed":20260920,"counts":{"chain_cancelled":0,"chain_completed":0,"chain_started":0,"raw":0,"try_add":0},"gesture_probe_seq":1,"kind":"reset","layout":"two_tortilla_rows","timestamp_usec":274383}
INP_PROBE {"counts":{"chain_cancelled":0,"chain_completed":0,"chain_started":0,"raw":1,"try_add":0},"device":0,"event_type":"InputEventScreenTouch","gesture_probe_seq":2,"kind":"raw_input","position":[118.0,864.0],"pressed":true,"timestamp_usec":274415,"touch_index":0}
INP_PROBE {"accepted":true,"coord":[0,0],"counts":{"chain_cancelled":0,"chain_completed":0,"chain_started":0,"raw":1,"try_add":1},"gesture_probe_seq":2,"ingredient":"tortilla","kind":"try_add","points":[[0,0]],"timestamp_usec":274465}
INP_PROBE {"counts":{"chain_cancelled":0,"chain_completed":0,"chain_started":1,"raw":1,"try_add":1},"gesture_probe_seq":2,"kind":"chain_started","points":[[0,0]],"timestamp_usec":274500}
INP_PROBE {"counts":{"chain_cancelled":0,"chain_completed":0,"chain_started":1,"raw":2,"try_add":1},"device":0,"event_type":"InputEventScreenDrag","gesture_probe_seq":2,"kind":"raw_input","position":[329.5,864.0],"timestamp_usec":274528,"touch_index":0}
INP_PROBE {"accepted":true,"coord":[1,0],"counts":{"chain_cancelled":0,"chain_completed":0,"chain_started":1,"raw":2,"try_add":2},"gesture_probe_seq":2,"ingredient":"tortilla","kind":"try_add","points":[[0,0],[1,0]],"timestamp_usec":274572}
INP_PROBE {"counts":{"chain_cancelled":0,"chain_completed":0,"chain_started":1,"raw":2,"try_add":2},"gesture_probe_seq":2,"kind":"chain_changed","points":[[0,0],[1,0]],"timestamp_usec":274608}
INP_PROBE {"counts":{"chain_cancelled":0,"chain_completed":0,"chain_started":1,"raw":3,"try_add":2},"device":0,"event_type":"InputEventScreenDrag","gesture_probe_seq":2,"kind":"raw_input","position":[540.5,864.0],"timestamp_usec":274635,"touch_index":0}
INP_PROBE {"accepted":true,"coord":[2,0],"counts":{"chain_cancelled":0,"chain_completed":0,"chain_started":1,"raw":3,"try_add":3},"gesture_probe_seq":2,"ingredient":"tortilla","kind":"try_add","points":[[0,0],[1,0],[2,0]],"timestamp_usec":274682}
INP_PROBE {"counts":{"chain_cancelled":0,"chain_completed":0,"chain_started":1,"raw":3,"try_add":3},"gesture_probe_seq":2,"kind":"chain_changed","points":[[0,0],[1,0],[2,0]],"timestamp_usec":274718}
INP_PROBE {"counts":{"chain_cancelled":0,"chain_completed":0,"chain_started":1,"raw":4,"try_add":3},"device":0,"event_type":"InputEventScreenDrag","gesture_probe_seq":2,"kind":"raw_input","position":[751.5,864.0],"timestamp_usec":274745,"touch_index":0}
INP_PROBE {"accepted":true,"coord":[3,0],"counts":{"chain_cancelled":0,"chain_completed":0,"chain_started":1,"raw":4,"try_add":4},"gesture_probe_seq":2,"ingredient":"tortilla","kind":"try_add","points":[[0,0],[1,0],[2,0],[3,0]],"timestamp_usec":274787}
INP_PROBE {"counts":{"chain_cancelled":0,"chain_completed":0,"chain_started":1,"raw":4,"try_add":4},"gesture_probe_seq":2,"kind":"chain_changed","points":[[0,0],[1,0],[2,0],[3,0]],"timestamp_usec":274823}
INP_PROBE {"counts":{"chain_cancelled":0,"chain_completed":0,"chain_started":1,"raw":5,"try_add":4},"device":0,"event_type":"InputEventScreenTouch","gesture_probe_seq":2,"kind":"raw_input","position":[751.5,864.0],"pressed":false,"timestamp_usec":274850,"touch_index":0}
INP_PROBE {"counts":{"chain_cancelled":0,"chain_completed":1,"chain_started":1,"raw":5,"try_add":4},"gesture_probe_seq":2,"ingredient":"tortilla","kind":"chain_completed","points":[[0,0],[1,0],[2,0],[3,0]],"timestamp_usec":274941}
INP_PROBE {"board_seed":20260920,"counts":{"chain_cancelled":0,"chain_completed":0,"chain_started":0,"raw":0,"try_add":0},"gesture_probe_seq":2,"kind":"reset","layout":"two_tortilla_rows","timestamp_usec":275066}
INP_PROBE {"counts":{"chain_cancelled":0,"chain_completed":0,"chain_started":0,"raw":1,"try_add":0},"device":0,"event_type":"InputEventScreenTouch","gesture_probe_seq":3,"kind":"raw_input","position":[118.0,864.0],"pressed":true,"timestamp_usec":275100,"touch_index":0}
INP_PROBE {"accepted":true,"coord":[0,0],"counts":{"chain_cancelled":0,"chain_completed":0,"chain_started":0,"raw":1,"try_add":1},"gesture_probe_seq":3,"ingredient":"tortilla","kind":"try_add","points":[[0,0]],"timestamp_usec":275146}
INP_PROBE {"counts":{"chain_cancelled":0,"chain_completed":0,"chain_started":1,"raw":1,"try_add":1},"gesture_probe_seq":3,"kind":"chain_started","points":[[0,0]],"timestamp_usec":275181}
INP_PROBE {"counts":{"chain_cancelled":0,"chain_completed":0,"chain_started":1,"raw":2,"try_add":1},"device":0,"event_type":"InputEventScreenDrag","gesture_probe_seq":3,"kind":"raw_input","position":[329.5,864.0],"timestamp_usec":275208,"touch_index":0}
INP_PROBE {"accepted":true,"coord":[1,0],"counts":{"chain_cancelled":0,"chain_completed":0,"chain_started":1,"raw":2,"try_add":2},"gesture_probe_seq":3,"ingredient":"tortilla","kind":"try_add","points":[[0,0],[1,0]],"timestamp_usec":275248}
INP_PROBE {"counts":{"chain_cancelled":0,"chain_completed":0,"chain_started":1,"raw":2,"try_add":2},"gesture_probe_seq":3,"kind":"chain_changed","points":[[0,0],[1,0]],"timestamp_usec":275282}
INP_PROBE {"counts":{"chain_cancelled":0,"chain_completed":0,"chain_started":1,"raw":3,"try_add":2},"device":0,"event_type":"InputEventScreenDrag","gesture_probe_seq":3,"kind":"raw_input","position":[540.5,864.0],"timestamp_usec":275310,"touch_index":0}
INP_PROBE {"accepted":true,"coord":[2,0],"counts":{"chain_cancelled":0,"chain_completed":0,"chain_started":1,"raw":3,"try_add":3},"gesture_probe_seq":3,"ingredient":"tortilla","kind":"try_add","points":[[0,0],[1,0],[2,0]],"timestamp_usec":275350}
INP_PROBE {"counts":{"chain_cancelled":0,"chain_completed":0,"chain_started":1,"raw":3,"try_add":3},"gesture_probe_seq":3,"kind":"chain_changed","points":[[0,0],[1,0],[2,0]],"timestamp_usec":275385}
INP_PROBE {"counts":{"chain_cancelled":0,"chain_completed":0,"chain_started":1,"raw":4,"try_add":3},"device":0,"event_type":"InputEventScreenDrag","gesture_probe_seq":3,"kind":"raw_input","position":[751.5,864.0],"timestamp_usec":275411,"touch_index":0}
INP_PROBE {"accepted":true,"coord":[3,0],"counts":{"chain_cancelled":0,"chain_completed":0,"chain_started":1,"raw":4,"try_add":4},"gesture_probe_seq":3,"ingredient":"tortilla","kind":"try_add","points":[[0,0],[1,0],[2,0],[3,0]],"timestamp_usec":275452}
INP_PROBE {"counts":{"chain_cancelled":0,"chain_completed":0,"chain_started":1,"raw":4,"try_add":4},"gesture_probe_seq":3,"kind":"chain_changed","points":[[0,0],[1,0],[2,0],[3,0]],"timestamp_usec":275488}
INP_PROBE {"counts":{"chain_cancelled":0,"chain_completed":0,"chain_started":1,"raw":5,"try_add":4},"device":0,"event_type":"InputEventScreenDrag","gesture_probe_seq":3,"kind":"raw_input","position":[962.5,864.0],"timestamp_usec":275514,"touch_index":0}
INP_PROBE {"accepted":true,"coord":[4,0],"counts":{"chain_cancelled":0,"chain_completed":0,"chain_started":1,"raw":5,"try_add":5},"gesture_probe_seq":3,"ingredient":"tortilla","kind":"try_add","points":[[0,0],[1,0],[2,0],[3,0],[4,0]],"timestamp_usec":275555}
INP_PROBE {"counts":{"chain_cancelled":0,"chain_completed":0,"chain_started":1,"raw":5,"try_add":5},"gesture_probe_seq":3,"kind":"chain_changed","points":[[0,0],[1,0],[2,0],[3,0],[4,0]],"timestamp_usec":275591}
INP_PROBE {"counts":{"chain_cancelled":0,"chain_completed":0,"chain_started":1,"raw":6,"try_add":5},"device":0,"event_type":"InputEventScreenTouch","gesture_probe_seq":3,"kind":"raw_input","position":[962.5,864.0],"pressed":false,"timestamp_usec":275619,"touch_index":0}
INP_PROBE {"counts":{"chain_cancelled":0,"chain_completed":1,"chain_started":1,"raw":6,"try_add":5},"gesture_probe_seq":3,"ingredient":"tortilla","kind":"chain_completed","points":[[0,0],[1,0],[2,0],[3,0],[4,0]],"timestamp_usec":275706}
INP_PROBE {"board_seed":20260920,"counts":{"chain_cancelled":0,"chain_completed":0,"chain_started":0,"raw":0,"try_add":0},"gesture_probe_seq":3,"kind":"reset","layout":"two_tortilla_rows","timestamp_usec":275832}
INP_PROBE {"counts":{"chain_cancelled":0,"chain_completed":0,"chain_started":0,"raw":1,"try_add":0},"device":0,"event_type":"InputEventScreenTouch","gesture_probe_seq":4,"kind":"raw_input","position":[118.0,864.0],"pressed":true,"timestamp_usec":275863,"touch_index":0}
INP_PROBE {"accepted":true,"coord":[0,0],"counts":{"chain_cancelled":0,"chain_completed":0,"chain_started":0,"raw":1,"try_add":1},"gesture_probe_seq":4,"ingredient":"tortilla","kind":"try_add","points":[[0,0]],"timestamp_usec":275910}
INP_PROBE {"counts":{"chain_cancelled":0,"chain_completed":0,"chain_started":1,"raw":1,"try_add":1},"gesture_probe_seq":4,"kind":"chain_started","points":[[0,0]],"timestamp_usec":275953}
INP_PROBE {"counts":{"chain_cancelled":0,"chain_completed":0,"chain_started":1,"raw":2,"try_add":1},"device":0,"event_type":"InputEventScreenDrag","gesture_probe_seq":4,"kind":"raw_input","position":[118.0,1075.5],"timestamp_usec":275980,"touch_index":0}
INP_PROBE {"accepted":true,"coord":[0,1],"counts":{"chain_cancelled":0,"chain_completed":0,"chain_started":1,"raw":2,"try_add":2},"gesture_probe_seq":4,"ingredient":"tortilla","kind":"try_add","points":[[0,0],[0,1]],"timestamp_usec":276020}
INP_PROBE {"counts":{"chain_cancelled":0,"chain_completed":0,"chain_started":1,"raw":2,"try_add":2},"gesture_probe_seq":4,"kind":"chain_changed","points":[[0,0],[0,1]],"timestamp_usec":276054}
INP_PROBE {"counts":{"chain_cancelled":0,"chain_completed":0,"chain_started":1,"raw":3,"try_add":2},"device":0,"event_type":"InputEventScreenDrag","gesture_probe_seq":4,"kind":"raw_input","position":[329.5,1075.5],"timestamp_usec":276079,"touch_index":0}
INP_PROBE {"accepted":true,"coord":[1,1],"counts":{"chain_cancelled":0,"chain_completed":0,"chain_started":1,"raw":3,"try_add":3},"gesture_probe_seq":4,"ingredient":"tortilla","kind":"try_add","points":[[0,0],[0,1],[1,1]],"timestamp_usec":276119}
INP_PROBE {"counts":{"chain_cancelled":0,"chain_completed":0,"chain_started":1,"raw":3,"try_add":3},"gesture_probe_seq":4,"kind":"chain_changed","points":[[0,0],[0,1],[1,1]],"timestamp_usec":276154}
INP_PROBE {"counts":{"chain_cancelled":0,"chain_completed":0,"chain_started":1,"raw":4,"try_add":3},"device":0,"event_type":"InputEventScreenDrag","gesture_probe_seq":4,"kind":"raw_input","position":[329.5,864.0],"timestamp_usec":276179,"touch_index":0}
INP_PROBE {"accepted":true,"coord":[1,0],"counts":{"chain_cancelled":0,"chain_completed":0,"chain_started":1,"raw":4,"try_add":4},"gesture_probe_seq":4,"ingredient":"tortilla","kind":"try_add","points":[[0,0],[0,1],[1,1],[1,0]],"timestamp_usec":276219}
INP_PROBE {"counts":{"chain_cancelled":0,"chain_completed":0,"chain_started":1,"raw":4,"try_add":4},"gesture_probe_seq":4,"kind":"chain_changed","points":[[0,0],[0,1],[1,1],[1,0]],"timestamp_usec":276254}
INP_PROBE {"counts":{"chain_cancelled":0,"chain_completed":0,"chain_started":1,"raw":5,"try_add":4},"device":0,"event_type":"InputEventScreenDrag","gesture_probe_seq":4,"kind":"raw_input","position":[540.5,864.0],"timestamp_usec":276280,"touch_index":0}
INP_PROBE {"accepted":true,"coord":[2,0],"counts":{"chain_cancelled":0,"chain_completed":0,"chain_started":1,"raw":5,"try_add":5},"gesture_probe_seq":4,"ingredient":"tortilla","kind":"try_add","points":[[0,0],[0,1],[1,1],[1,0],[2,0]],"timestamp_usec":276319}
INP_PROBE {"counts":{"chain_cancelled":0,"chain_completed":0,"chain_started":1,"raw":5,"try_add":5},"gesture_probe_seq":4,"kind":"chain_changed","points":[[0,0],[0,1],[1,1],[1,0],[2,0]],"timestamp_usec":276355}
INP_PROBE {"counts":{"chain_cancelled":0,"chain_completed":0,"chain_started":1,"raw":6,"try_add":5},"device":0,"event_type":"InputEventScreenTouch","gesture_probe_seq":4,"kind":"raw_input","position":[540.5,864.0],"pressed":false,"timestamp_usec":276383,"touch_index":0}
INP_PROBE {"counts":{"chain_cancelled":0,"chain_completed":1,"chain_started":1,"raw":6,"try_add":5},"gesture_probe_seq":4,"ingredient":"tortilla","kind":"chain_completed","points":[[0,0],[0,1],[1,1],[1,0],[2,0]],"timestamp_usec":276487}
INP_PROBE {"counts":{"chain_cancelled":10000,"chain_completed":10000,"chain_started":10000,"raw":10001,"try_add":10000},"device":0,"event_type":"InputEventScreenTouch","gesture_probe_seq":5,"kind":"raw_input","position":[10.0,10.0],"pressed":true,"timestamp_usec":287624,"touch_index":0}
INP_PROBE {"button_index":0,"counts":{"chain_cancelled":10000,"chain_completed":10000,"chain_started":10000,"raw":10002,"try_add":10000},"device":32,"event_type":"InputEventMouseButton","gesture_probe_seq":6,"kind":"raw_input","position":[100.0,100.0],"pressed":true,"timestamp_usec":287695}
INP_PROBE {"counts":{"chain_cancelled":10000,"chain_completed":10000,"chain_started":10000,"raw":10002,"try_add":10000},"emulate_mouse_from_touch":false,"gesture_probe_seq":6,"kind":"scenario","scenario":"B","timestamp_usec":287741}
INP_PROBE {"counts":{"chain_cancelled":10000,"chain_completed":10000,"chain_started":10000,"raw":10002,"try_add":10000},"emulate_mouse_from_touch":true,"gesture_probe_seq":6,"kind":"scenario","scenario":"A","timestamp_usec":287773}
INP_PROBE_TEST 62 checks 0 failures; synthetic evidence only
