Godot Engine v4.7.2.stable.official.ed1daf0bf - https://godotengine.org

La Última Taquería — BOSS-01 temporary wiring ready.
La Última Taquería — BOSS-01 temporary wiring ready.
BOT restart verified: wave
BOT wave completed: wave_01 elapsed=20.0437555555556
La Última Taquería — BOSS-01 temporary wiring ready.
BOT restart verified: upgrade
BOT wave completed: wave_01 elapsed=20.0051888888889
BOT wave completed: wave_02 elapsed=24.5578022222223
BOT wave completed: wave_03 elapsed=28.0146155555556
BOT wave completed: wave_04 elapsed=30.0865555555556
BOT wave completed: wave_05 elapsed=34.6423200000001
La Última Taquería — BOSS-01 temporary wiring ready.
BOT restart verified: boss
BOT wave completed: wave_01 elapsed=20.00094
BOT wave completed: wave_02 elapsed=24.6876800000001
BOT wave completed: wave_03 elapsed=28.1356800000001
BOT wave completed: wave_04 elapsed=30.0665600000001
BOT wave completed: wave_05 elapsed=34.6179200000001
BOT RESULT {"board_actions":99,"bosses":1,"choices":["steady_hands","second_chance","chain5_effect_boost","reputation_boost","slow_salsa"],"restart_stages":["wave","upgrade","boss"],"snapshot":{"board_seed":20260920,"logical_elapsed_sec":142.887659999998,"outcome":"victory","phase":"ended","run_seed":20260921,"terminal":true,"wall_elapsed_sec":7.169,"wave_number":5},"time_scale":20.0,"waves":["wave_01","wave_02","wave_03","wave_04","wave_05"]}
La Última Taquería — BOSS-01 temporary wiring ready.
M3 RUNTIME BOT PASS
