Godot Engine v4.7.2.stable.official.ed1daf0bf - https://godotengine.org

INP_PROBE {"board_seed":20260920,"correlation":"temporal heuristic only; not a physical gesture claim","counts":{"chain_cancelled":0,"chain_completed":0,"chain_started":0,"raw":0,"try_add":0},"display_server":"headless","emulate_mouse_from_touch":true,"emulate_touch_from_mouse":false,"engine":"4.7.2-stable (official)","gesture_probe_seq":0,"kind":"environment","log_path":"","os":"macOS","renderer":"mobile","run_seed":20260921,"timestamp_usec":159574}
INP_PROBE {"counts":{"chain_cancelled":0,"chain_completed":0,"chain_started":0,"raw":1,"try_add":0},"device":0,"event_type":"InputEventScreenTouch","gesture_probe_seq":1,"kind":"raw_input","position":[118.0,864.0],"pressed":true,"timestamp_usec":164940,"touch_index":0}
INP_PROBE {"counts":{"chain_cancelled":0,"chain_completed":0,"chain_started":1,"raw":1,"try_add":0},"gesture_probe_seq":1,"kind":"chain_started","points":[[0,0]],"timestamp_usec":165040}
INP_PROBE {"counts":{"chain_cancelled":0,"chain_completed":0,"chain_started":1,"raw":2,"try_add":0},"device":0,"event_type":"InputEventScreenDrag","gesture_probe_seq":1,"kind":"raw_input","position":[329.5,864.0],"timestamp_usec":165073,"touch_index":0}
INP_PROBE {"counts":{"chain_cancelled":0,"chain_completed":0,"chain_started":1,"raw":2,"try_add":0},"gesture_probe_seq":1,"kind":"chain_changed","points":[[0,0],[1,0]],"timestamp_usec":165119}
INP_PROBE {"counts":{"chain_cancelled":0,"chain_completed":0,"chain_started":1,"raw":3,"try_add":0},"device":0,"event_type":"InputEventScreenDrag","gesture_probe_seq":1,"kind":"raw_input","position":[540.5,864.0],"timestamp_usec":165143,"touch_index":0}
INP_PROBE {"counts":{"chain_cancelled":0,"chain_completed":0,"chain_started":1,"raw":3,"try_add":0},"gesture_probe_seq":1,"kind":"chain_changed","points":[[0,0],[1,0],[2,0]],"timestamp_usec":165181}
INP_PROBE {"counts":{"chain_cancelled":0,"chain_completed":0,"chain_started":1,"raw":4,"try_add":0},"device":0,"event_type":"InputEventScreenTouch","gesture_probe_seq":1,"kind":"raw_input","position":[540.5,864.0],"pressed":false,"timestamp_usec":165205,"touch_index":0}
INP_PROBE {"counts":{"chain_cancelled":0,"chain_completed":1,"chain_started":1,"raw":4,"try_add":0},"gesture_probe_seq":1,"ingredient":"tortilla","kind":"chain_completed","points":[[0,0],[1,0],[2,0]],"timestamp_usec":165285}
INP_PROBE {"board_seed":20260920,"correlation":"temporal heuristic only; not a physical gesture claim","counts":{"chain_cancelled":0,"chain_completed":0,"chain_started":0,"raw":0,"try_add":0},"display_server":"headless","emulate_mouse_from_touch":true,"emulate_touch_from_mouse":false,"engine":"4.7.2-stable (official)","gesture_probe_seq":0,"kind":"environment","log_path":"","os":"macOS","renderer":"mobile","run_seed":20260921,"timestamp_usec":168399}
INP_PROBE {"counts":{"chain_cancelled":0,"chain_completed":0,"chain_started":0,"raw":1,"try_add":0},"device":0,"event_type":"InputEventScreenTouch","gesture_probe_seq":1,"kind":"raw_input","position":[118.0,864.0],"pressed":true,"timestamp_usec":177032,"touch_index":0}
INP_PROBE {"accepted":true,"coord":[0,0],"counts":{"chain_cancelled":0,"chain_completed":0,"chain_started":0,"raw":1,"try_add":1},"gesture_probe_seq":1,"ingredient":"tortilla","kind":"try_add","points":[[0,0]],"timestamp_usec":177091}
INP_PROBE {"counts":{"chain_cancelled":0,"chain_completed":0,"chain_started":1,"raw":1,"try_add":1},"gesture_probe_seq":1,"kind":"chain_started","points":[[0,0]],"timestamp_usec":177129}
INP_PROBE {"counts":{"chain_cancelled":0,"chain_completed":0,"chain_started":1,"raw":2,"try_add":1},"device":0,"event_type":"InputEventScreenDrag","gesture_probe_seq":1,"kind":"raw_input","position":[329.5,864.0],"timestamp_usec":177154,"touch_index":0}
INP_PROBE {"accepted":true,"coord":[1,0],"counts":{"chain_cancelled":0,"chain_completed":0,"chain_started":1,"raw":2,"try_add":2},"gesture_probe_seq":1,"ingredient":"tortilla","kind":"try_add","points":[[0,0],[1,0]],"timestamp_usec":177192}
INP_PROBE {"counts":{"chain_cancelled":0,"chain_completed":0,"chain_started":1,"raw":2,"try_add":2},"gesture_probe_seq":1,"kind":"chain_changed","points":[[0,0],[1,0]],"timestamp_usec":177219}
INP_PROBE {"counts":{"chain_cancelled":0,"chain_completed":0,"chain_started":1,"raw":3,"try_add":2},"device":0,"event_type":"InputEventScreenDrag","gesture_probe_seq":1,"kind":"raw_input","position":[540.5,864.0],"timestamp_usec":177254,"touch_index":0}
INP_PROBE {"accepted":true,"coord":[2,0],"counts":{"chain_cancelled":0,"chain_completed":0,"chain_started":1,"raw":3,"try_add":3},"gesture_probe_seq":1,"ingredient":"tortilla","kind":"try_add","points":[[0,0],[1,0],[2,0]],"timestamp_usec":177288}
INP_PROBE {"counts":{"chain_cancelled":0,"chain_completed":0,"chain_started":1,"raw":3,"try_add":3},"gesture_probe_seq":1,"kind":"chain_changed","points":[[0,0],[1,0],[2,0]],"timestamp_usec":177314}
INP_PROBE {"counts":{"chain_cancelled":0,"chain_completed":0,"chain_started":1,"raw":4,"try_add":3},"device":0,"event_type":"InputEventScreenTouch","gesture_probe_seq":1,"kind":"raw_input","position":[540.5,864.0],"pressed":false,"timestamp_usec":177335,"touch_index":0}
INP_PROBE {"counts":{"chain_cancelled":0,"chain_completed":1,"chain_started":1,"raw":4,"try_add":3},"gesture_probe_seq":1,"ingredient":"tortilla","kind":"chain_completed","points":[[0,0],[1,0],[2,0]],"timestamp_usec":177403}
INP_PROBE {"board_seed":20260920,"correlation":"temporal heuristic only; not a physical gesture claim","counts":{"chain_cancelled":0,"chain_completed":0,"chain_started":0,"raw":0,"try_add":0},"display_server":"headless","emulate_mouse_from_touch":true,"emulate_touch_from_mouse":false,"engine":"4.7.2-stable (official)","gesture_probe_seq":0,"kind":"environment","log_path":"","os":"macOS","renderer":"mobile","run_seed":20260921,"timestamp_usec":185718}
INP_PROBE {"button_index":1,"counts":{"chain_cancelled":0,"chain_completed":0,"chain_started":0,"raw":1,"try_add":0},"device":32,"event_type":"InputEventMouseButton","gesture_probe_seq":1,"kind":"raw_input","position":[118.0,864.0],"pressed":true,"timestamp_usec":198159}
INP_PROBE {"counts":{"chain_cancelled":0,"chain_completed":0,"chain_started":1,"raw":1,"try_add":0},"gesture_probe_seq":1,"kind":"chain_started","points":[[0,0]],"timestamp_usec":198245}
INP_PROBE {"button_mask":1,"counts":{"chain_cancelled":0,"chain_completed":0,"chain_started":1,"raw":2,"try_add":0},"device":32,"event_type":"InputEventMouseMotion","gesture_probe_seq":1,"kind":"raw_input","position":[329.5,864.0],"timestamp_usec":198284}
INP_PROBE {"counts":{"chain_cancelled":0,"chain_completed":0,"chain_started":1,"raw":2,"try_add":0},"gesture_probe_seq":1,"kind":"chain_changed","points":[[0,0],[1,0]],"timestamp_usec":198332}
INP_PROBE {"button_mask":1,"counts":{"chain_cancelled":0,"chain_completed":0,"chain_started":1,"raw":3,"try_add":0},"device":32,"event_type":"InputEventMouseMotion","gesture_probe_seq":1,"kind":"raw_input","position":[540.5,864.0],"timestamp_usec":198362}
INP_PROBE {"counts":{"chain_cancelled":0,"chain_completed":0,"chain_started":1,"raw":3,"try_add":0},"gesture_probe_seq":1,"kind":"chain_changed","points":[[0,0],[1,0],[2,0]],"timestamp_usec":198400}
INP_PROBE {"button_index":1,"counts":{"chain_cancelled":0,"chain_completed":0,"chain_started":1,"raw":4,"try_add":0},"device":32,"event_type":"InputEventMouseButton","gesture_probe_seq":1,"kind":"raw_input","position":[540.5,864.0],"pressed":false,"timestamp_usec":198426}
INP_PROBE {"counts":{"chain_cancelled":0,"chain_completed":1,"chain_started":1,"raw":4,"try_add":0},"gesture_probe_seq":1,"ingredient":"tortilla","kind":"chain_completed","points":[[0,0],[1,0],[2,0]],"timestamp_usec":198504}
INP_PROBE {"board_seed":20260920,"correlation":"temporal heuristic only; not a physical gesture claim","counts":{"chain_cancelled":0,"chain_completed":0,"chain_started":0,"raw":0,"try_add":0},"display_server":"headless","emulate_mouse_from_touch":true,"emulate_touch_from_mouse":false,"engine":"4.7.2-stable (official)","gesture_probe_seq":0,"kind":"environment","log_path":"","os":"macOS","renderer":"mobile","run_seed":20260921,"timestamp_usec":206422}
INP_PROBE {"button_index":1,"counts":{"chain_cancelled":0,"chain_completed":0,"chain_started":0,"raw":1,"try_add":0},"device":32,"event_type":"InputEventMouseButton","gesture_probe_seq":1,"kind":"raw_input","position":[118.0,864.0],"pressed":true,"timestamp_usec":218875}
INP_PROBE {"accepted":true,"coord":[0,0],"counts":{"chain_cancelled":0,"chain_completed":0,"chain_started":0,"raw":1,"try_add":1},"gesture_probe_seq":1,"ingredient":"tortilla","kind":"try_add","points":[[0,0]],"timestamp_usec":218957}
INP_PROBE {"counts":{"chain_cancelled":0,"chain_completed":0,"chain_started":1,"raw":1,"try_add":1},"gesture_probe_seq":1,"kind":"chain_started","points":[[0,0]],"timestamp_usec":219008}
INP_PROBE {"button_mask":1,"counts":{"chain_cancelled":0,"chain_completed":0,"chain_started":1,"raw":2,"try_add":1},"device":32,"event_type":"InputEventMouseMotion","gesture_probe_seq":1,"kind":"raw_input","position":[329.5,864.0],"timestamp_usec":219040}
INP_PROBE {"accepted":true,"coord":[1,0],"counts":{"chain_cancelled":0,"chain_completed":0,"chain_started":1,"raw":2,"try_add":2},"gesture_probe_seq":1,"ingredient":"tortilla","kind":"try_add","points":[[0,0],[1,0]],"timestamp_usec":219080}
INP_PROBE {"counts":{"chain_cancelled":0,"chain_completed":0,"chain_started":1,"raw":2,"try_add":2},"gesture_probe_seq":1,"kind":"chain_changed","points":[[0,0],[1,0]],"timestamp_usec":219111}
INP_PROBE {"button_mask":1,"counts":{"chain_cancelled":0,"chain_completed":0,"chain_started":1,"raw":3,"try_add":2},"device":32,"event_type":"InputEventMouseMotion","gesture_probe_seq":1,"kind":"raw_input","position":[540.5,864.0],"timestamp_usec":219140}
INP_PROBE {"accepted":true,"coord":[2,0],"counts":{"chain_cancelled":0,"chain_completed":0,"chain_started":1,"raw":3,"try_add":3},"gesture_probe_seq":1,"ingredient":"tortilla","kind":"try_add","points":[[0,0],[1,0],[2,0]],"timestamp_usec":219177}
INP_PROBE {"counts":{"chain_cancelled":0,"chain_completed":0,"chain_started":1,"raw":3,"try_add":3},"gesture_probe_seq":1,"kind":"chain_changed","points":[[0,0],[1,0],[2,0]],"timestamp_usec":219203}
INP_PROBE {"button_index":1,"counts":{"chain_cancelled":0,"chain_completed":0,"chain_started":1,"raw":4,"try_add":3},"device":32,"event_type":"InputEventMouseButton","gesture_probe_seq":1,"kind":"raw_input","position":[540.5,864.0],"pressed":false,"timestamp_usec":219229}
INP_PROBE {"counts":{"chain_cancelled":0,"chain_completed":1,"chain_started":1,"raw":4,"try_add":3},"gesture_probe_seq":1,"ingredient":"tortilla","kind":"chain_completed","points":[[0,0],[1,0],[2,0]],"timestamp_usec":219307}
INP_PROBE {"board_seed":20260920,"correlation":"temporal heuristic only; not a physical gesture claim","counts":{"chain_cancelled":0,"chain_completed":0,"chain_started":0,"raw":0,"try_add":0},"display_server":"headless","emulate_mouse_from_touch":true,"emulate_touch_from_mouse":false,"engine":"4.7.2-stable (official)","gesture_probe_seq":0,"kind":"environment","log_path":"","os":"macOS","renderer":"mobile","run_seed":20260921,"timestamp_usec":227181}
INP_PROBE {"counts":{"chain_cancelled":0,"chain_completed":0,"chain_started":0,"raw":1,"try_add":0},"device":0,"event_type":"InputEventScreenTouch","gesture_probe_seq":1,"kind":"raw_input","position":[118.0,864.0],"pressed":true,"timestamp_usec":239575,"touch_index":0}
INP_PROBE {"counts":{"chain_cancelled":0,"chain_completed":0,"chain_started":1,"raw":1,"try_add":0},"gesture_probe_seq":1,"kind":"chain_started","points":[[0,0]],"timestamp_usec":239670}
INP_PROBE {"button_index":1,"counts":{"chain_cancelled":0,"chain_completed":0,"chain_started":1,"raw":2,"try_add":0},"device":32,"event_type":"InputEventMouseButton","gesture_probe_seq":1,"kind":"raw_input","position":[118.0,864.0],"pressed":true,"timestamp_usec":239710}
INP_PROBE {"counts":{"chain_cancelled":0,"chain_completed":0,"chain_started":2,"raw":2,"try_add":0},"gesture_probe_seq":1,"kind":"chain_started","points":[[0,0]],"timestamp_usec":239756}
INP_PROBE {"counts":{"chain_cancelled":0,"chain_completed":0,"chain_started":2,"raw":3,"try_add":0},"device":0,"event_type":"InputEventScreenDrag","gesture_probe_seq":1,"kind":"raw_input","position":[329.5,864.0],"timestamp_usec":239779,"touch_index":0}
INP_PROBE {"counts":{"chain_cancelled":0,"chain_completed":0,"chain_started":2,"raw":3,"try_add":0},"gesture_probe_seq":1,"kind":"chain_changed","points":[[0,0],[1,0]],"timestamp_usec":239832}
INP_PROBE {"button_mask":1,"counts":{"chain_cancelled":0,"chain_completed":0,"chain_started":2,"raw":4,"try_add":0},"device":32,"event_type":"InputEventMouseMotion","gesture_probe_seq":1,"kind":"raw_input","position":[329.5,864.0],"timestamp_usec":239859}
INP_PROBE {"counts":{"chain_cancelled":0,"chain_completed":0,"chain_started":2,"raw":5,"try_add":0},"device":0,"event_type":"InputEventScreenDrag","gesture_probe_seq":1,"kind":"raw_input","position":[540.5,864.0],"timestamp_usec":239896,"touch_index":0}
INP_PROBE {"counts":{"chain_cancelled":0,"chain_completed":0,"chain_started":2,"raw":5,"try_add":0},"gesture_probe_seq":1,"kind":"chain_changed","points":[[0,0],[1,0],[2,0]],"timestamp_usec":239942}
INP_PROBE {"button_mask":1,"counts":{"chain_cancelled":0,"chain_completed":0,"chain_started":2,"raw":6,"try_add":0},"device":32,"event_type":"InputEventMouseMotion","gesture_probe_seq":1,"kind":"raw_input","position":[540.5,864.0],"timestamp_usec":239968}
INP_PROBE {"counts":{"chain_cancelled":0,"chain_completed":0,"chain_started":2,"raw":7,"try_add":0},"device":0,"event_type":"InputEventScreenTouch","gesture_probe_seq":1,"kind":"raw_input","position":[540.5,864.0],"pressed":false,"timestamp_usec":240002,"touch_index":0}
INP_PROBE {"counts":{"chain_cancelled":0,"chain_completed":1,"chain_started":2,"raw":7,"try_add":0},"gesture_probe_seq":1,"ingredient":"tortilla","kind":"chain_completed","points":[[0,0],[1,0],[2,0]],"timestamp_usec":240079}
INP_PROBE {"button_index":1,"counts":{"chain_cancelled":0,"chain_completed":1,"chain_started":2,"raw":8,"try_add":0},"device":32,"event_type":"InputEventMouseButton","gesture_probe_seq":1,"kind":"raw_input","position":[540.5,864.0],"pressed":false,"timestamp_usec":240112}
INP_PROBE {"board_seed":20260920,"correlation":"temporal heuristic only; not a physical gesture claim","counts":{"chain_cancelled":0,"chain_completed":0,"chain_started":0,"raw":0,"try_add":0},"display_server":"headless","emulate_mouse_from_touch":true,"emulate_touch_from_mouse":false,"engine":"4.7.2-stable (official)","gesture_probe_seq":0,"kind":"environment","log_path":"","os":"macOS","renderer":"mobile","run_seed":20260921,"timestamp_usec":247786}
INP_PROBE {"counts":{"chain_cancelled":0,"chain_completed":0,"chain_started":0,"raw":1,"try_add":0},"device":0,"event_type":"InputEventScreenTouch","gesture_probe_seq":1,"kind":"raw_input","position":[118.0,864.0],"pressed":true,"timestamp_usec":260282,"touch_index":0}
INP_PROBE {"accepted":true,"coord":[0,0],"counts":{"chain_cancelled":0,"chain_completed":0,"chain_started":0,"raw":1,"try_add":1},"gesture_probe_seq":1,"ingredient":"tortilla","kind":"try_add","points":[[0,0]],"timestamp_usec":260341}
INP_PROBE {"counts":{"chain_cancelled":0,"chain_completed":0,"chain_started":1,"raw":1,"try_add":1},"gesture_probe_seq":1,"kind":"chain_started","points":[[0,0]],"timestamp_usec":260373}
INP_PROBE {"button_index":1,"counts":{"chain_cancelled":0,"chain_completed":0,"chain_started":1,"raw":2,"try_add":1},"device":32,"event_type":"InputEventMouseButton","gesture_probe_seq":1,"kind":"raw_input","position":[118.0,864.0],"pressed":true,"timestamp_usec":260408}
INP_PROBE {"accepted":true,"coord":[0,0],"counts":{"chain_cancelled":0,"chain_completed":0,"chain_started":1,"raw":2,"try_add":2},"gesture_probe_seq":1,"ingredient":"tortilla","kind":"try_add","points":[[0,0]],"timestamp_usec":260451}
INP_PROBE {"counts":{"chain_cancelled":0,"chain_completed":0,"chain_started":2,"raw":2,"try_add":2},"gesture_probe_seq":1,"kind":"chain_started","points":[[0,0]],"timestamp_usec":260479}
INP_PROBE {"counts":{"chain_cancelled":0,"chain_completed":0,"chain_started":2,"raw":3,"try_add":2},"device":0,"event_type":"InputEventScreenDrag","gesture_probe_seq":1,"kind":"raw_input","position":[329.5,864.0],"timestamp_usec":260502,"touch_index":0}
INP_PROBE {"accepted":true,"coord":[1,0],"counts":{"chain_cancelled":0,"chain_completed":0,"chain_started":2,"raw":3,"try_add":3},"gesture_probe_seq":1,"ingredient":"tortilla","kind":"try_add","points":[[0,0],[1,0]],"timestamp_usec":260553}
INP_PROBE {"counts":{"chain_cancelled":0,"chain_completed":0,"chain_started":2,"raw":3,"try_add":3},"gesture_probe_seq":1,"kind":"chain_changed","points":[[0,0],[1,0]],"timestamp_usec":260581}
INP_PROBE {"button_mask":1,"counts":{"chain_cancelled":0,"chain_completed":0,"chain_started":2,"raw":4,"try_add":3},"device":32,"event_type":"InputEventMouseMotion","gesture_probe_seq":1,"kind":"raw_input","position":[329.5,864.0],"timestamp_usec":260608}
INP_PROBE {"accepted":false,"coord":[1,0],"counts":{"chain_cancelled":0,"chain_completed":0,"chain_started":2,"raw":4,"try_add":4},"gesture_probe_seq":1,"ingredient":"tortilla","kind":"try_add","points":[[0,0],[1,0]],"timestamp_usec":260644}
INP_PROBE {"counts":{"chain_cancelled":0,"chain_completed":0,"chain_started":2,"raw":5,"try_add":4},"device":0,"event_type":"InputEventScreenDrag","gesture_probe_seq":1,"kind":"raw_input","position":[540.5,864.0],"timestamp_usec":260669,"touch_index":0}
INP_PROBE {"accepted":true,"coord":[2,0],"counts":{"chain_cancelled":0,"chain_completed":0,"chain_started":2,"raw":5,"try_add":5},"gesture_probe_seq":1,"ingredient":"tortilla","kind":"try_add","points":[[0,0],[1,0],[2,0]],"timestamp_usec":260704}
INP_PROBE {"counts":{"chain_cancelled":0,"chain_completed":0,"chain_started":2,"raw":5,"try_add":5},"gesture_probe_seq":1,"kind":"chain_changed","points":[[0,0],[1,0],[2,0]],"timestamp_usec":260732}
INP_PROBE {"button_mask":1,"counts":{"chain_cancelled":0,"chain_completed":0,"chain_started":2,"raw":6,"try_add":5},"device":32,"event_type":"InputEventMouseMotion","gesture_probe_seq":1,"kind":"raw_input","position":[540.5,864.0],"timestamp_usec":260762}
INP_PROBE {"accepted":false,"coord":[2,0],"counts":{"chain_cancelled":0,"chain_completed":0,"chain_started":2,"raw":6,"try_add":6},"gesture_probe_seq":1,"ingredient":"tortilla","kind":"try_add","points":[[0,0],[1,0],[2,0]],"timestamp_usec":260798}
INP_PROBE {"counts":{"chain_cancelled":0,"chain_completed":0,"chain_started":2,"raw":7,"try_add":6},"device":0,"event_type":"InputEventScreenTouch","gesture_probe_seq":1,"kind":"raw_input","position":[540.5,864.0],"pressed":false,"timestamp_usec":260824,"touch_index":0}
INP_PROBE {"counts":{"chain_cancelled":0,"chain_completed":1,"chain_started":2,"raw":7,"try_add":6},"gesture_probe_seq":1,"ingredient":"tortilla","kind":"chain_completed","points":[[0,0],[1,0],[2,0]],"timestamp_usec":260894}
INP_PROBE {"button_index":1,"counts":{"chain_cancelled":0,"chain_completed":1,"chain_started":2,"raw":8,"try_add":6},"device":32,"event_type":"InputEventMouseButton","gesture_probe_seq":1,"kind":"raw_input","position":[540.5,864.0],"pressed":false,"timestamp_usec":260928}
INP_PROBE {"board_seed":20260920,"correlation":"temporal heuristic only; not a physical gesture claim","counts":{"chain_cancelled":0,"chain_completed":0,"chain_started":0,"raw":0,"try_add":0},"display_server":"headless","emulate_mouse_from_touch":true,"emulate_touch_from_mouse":false,"engine":"4.7.2-stable (official)","gesture_probe_seq":0,"kind":"environment","log_path":"","os":"macOS","renderer":"mobile","run_seed":20260921,"timestamp_usec":268567}
INP_PROBE {"board_seed":20260920,"counts":{"chain_cancelled":0,"chain_completed":0,"chain_started":0,"raw":0,"try_add":0},"gesture_probe_seq":0,"kind":"reset","layout":"two_tortilla_rows","timestamp_usec":281070}
INP_PROBE {"counts":{"chain_cancelled":0,"chain_completed":0,"chain_started":0,"raw":1,"try_add":0},"device":0,"event_type":"InputEventScreenTouch","gesture_probe_seq":1,"kind":"raw_input","position":[118.0,864.0],"pressed":true,"timestamp_usec":281106,"touch_index":0}
INP_PROBE {"accepted":true,"coord":[0,0],"counts":{"chain_cancelled":0,"chain_completed":0,"chain_started":0,"raw":1,"try_add":1},"gesture_probe_seq":1,"ingredient":"tortilla","kind":"try_add","points":[[0,0]],"timestamp_usec":281162}
INP_PROBE {"counts":{"chain_cancelled":0,"chain_completed":0,"chain_started":1,"raw":1,"try_add":1},"gesture_probe_seq":1,"kind":"chain_started","points":[[0,0]],"timestamp_usec":281203}
INP_PROBE {"counts":{"chain_cancelled":0,"chain_completed":0,"chain_started":1,"raw":2,"try_add":1},"device":0,"event_type":"InputEventScreenTouch","gesture_probe_seq":1,"kind":"raw_input","position":[118.0,864.0],"pressed":false,"timestamp_usec":281230,"touch_index":0}
INP_PROBE {"counts":{"chain_cancelled":1,"chain_completed":0,"chain_started":1,"raw":2,"try_add":1},"gesture_probe_seq":1,"kind":"chain_cancelled","timestamp_usec":281259}
INP_PROBE {"board_seed":20260920,"counts":{"chain_cancelled":0,"chain_completed":0,"chain_started":0,"raw":0,"try_add":0},"gesture_probe_seq":1,"kind":"reset","layout":"two_tortilla_rows","timestamp_usec":281367}
INP_PROBE {"counts":{"chain_cancelled":0,"chain_completed":0,"chain_started":0,"raw":1,"try_add":0},"device":0,"event_type":"InputEventScreenTouch","gesture_probe_seq":2,"kind":"raw_input","position":[118.0,864.0],"pressed":true,"timestamp_usec":281396,"touch_index":0}
INP_PROBE {"accepted":true,"coord":[0,0],"counts":{"chain_cancelled":0,"chain_completed":0,"chain_started":0,"raw":1,"try_add":1},"gesture_probe_seq":2,"ingredient":"tortilla","kind":"try_add","points":[[0,0]],"timestamp_usec":281442}
INP_PROBE {"counts":{"chain_cancelled":0,"chain_completed":0,"chain_started":1,"raw":1,"try_add":1},"gesture_probe_seq":2,"kind":"chain_started","points":[[0,0]],"timestamp_usec":281472}
INP_PROBE {"counts":{"chain_cancelled":0,"chain_completed":0,"chain_started":1,"raw":2,"try_add":1},"device":0,"event_type":"InputEventScreenDrag","gesture_probe_seq":2,"kind":"raw_input","position":[329.5,864.0],"timestamp_usec":281498,"touch_index":0}
INP_PROBE {"accepted":true,"coord":[1,0],"counts":{"chain_cancelled":0,"chain_completed":0,"chain_started":1,"raw":2,"try_add":2},"gesture_probe_seq":2,"ingredient":"tortilla","kind":"try_add","points":[[0,0],[1,0]],"timestamp_usec":281539}
INP_PROBE {"counts":{"chain_cancelled":0,"chain_completed":0,"chain_started":1,"raw":2,"try_add":2},"gesture_probe_seq":2,"kind":"chain_changed","points":[[0,0],[1,0]],"timestamp_usec":281569}
INP_PROBE {"counts":{"chain_cancelled":0,"chain_completed":0,"chain_started":1,"raw":3,"try_add":2},"device":0,"event_type":"InputEventScreenDrag","gesture_probe_seq":2,"kind":"raw_input","position":[540.5,864.0],"timestamp_usec":281596,"touch_index":0}
INP_PROBE {"accepted":true,"coord":[2,0],"counts":{"chain_cancelled":0,"chain_completed":0,"chain_started":1,"raw":3,"try_add":3},"gesture_probe_seq":2,"ingredient":"tortilla","kind":"try_add","points":[[0,0],[1,0],[2,0]],"timestamp_usec":281642}
INP_PROBE {"counts":{"chain_cancelled":0,"chain_completed":0,"chain_started":1,"raw":3,"try_add":3},"gesture_probe_seq":2,"kind":"chain_changed","points":[[0,0],[1,0],[2,0]],"timestamp_usec":281672}
INP_PROBE {"counts":{"chain_cancelled":0,"chain_completed":0,"chain_started":1,"raw":4,"try_add":3},"device":0,"event_type":"InputEventScreenDrag","gesture_probe_seq":2,"kind":"raw_input","position":[751.5,864.0],"timestamp_usec":281697,"touch_index":0}
INP_PROBE {"accepted":true,"coord":[3,0],"counts":{"chain_cancelled":0,"chain_completed":0,"chain_started":1,"raw":4,"try_add":4},"gesture_probe_seq":2,"ingredient":"tortilla","kind":"try_add","points":[[0,0],[1,0],[2,0],[3,0]],"timestamp_usec":281735}
INP_PROBE {"counts":{"chain_cancelled":0,"chain_completed":0,"chain_started":1,"raw":4,"try_add":4},"gesture_probe_seq":2,"kind":"chain_changed","points":[[0,0],[1,0],[2,0],[3,0]],"timestamp_usec":281770}
INP_PROBE {"counts":{"chain_cancelled":0,"chain_completed":0,"chain_started":1,"raw":5,"try_add":4},"device":0,"event_type":"InputEventScreenTouch","gesture_probe_seq":2,"kind":"raw_input","position":[751.5,864.0],"pressed":false,"timestamp_usec":281797,"touch_index":0}
INP_PROBE {"counts":{"chain_cancelled":0,"chain_completed":1,"chain_started":1,"raw":5,"try_add":4},"gesture_probe_seq":2,"ingredient":"tortilla","kind":"chain_completed","points":[[0,0],[1,0],[2,0],[3,0]],"timestamp_usec":281872}
INP_PROBE {"board_seed":20260920,"counts":{"chain_cancelled":0,"chain_completed":0,"chain_started":0,"raw":0,"try_add":0},"gesture_probe_seq":2,"kind":"reset","layout":"two_tortilla_rows","timestamp_usec":281978}
INP_PROBE {"counts":{"chain_cancelled":0,"chain_completed":0,"chain_started":0,"raw":1,"try_add":0},"device":0,"event_type":"InputEventScreenTouch","gesture_probe_seq":3,"kind":"raw_input","position":[118.0,864.0],"pressed":true,"timestamp_usec":282004,"touch_index":0}
INP_PROBE {"accepted":true,"coord":[0,0],"counts":{"chain_cancelled":0,"chain_completed":0,"chain_started":0,"raw":1,"try_add":1},"gesture_probe_seq":3,"ingredient":"tortilla","kind":"try_add","points":[[0,0]],"timestamp_usec":282043}
INP_PROBE {"counts":{"chain_cancelled":0,"chain_completed":0,"chain_started":1,"raw":1,"try_add":1},"gesture_probe_seq":3,"kind":"chain_started","points":[[0,0]],"timestamp_usec":282072}
INP_PROBE {"counts":{"chain_cancelled":0,"chain_completed":0,"chain_started":1,"raw":2,"try_add":1},"device":0,"event_type":"InputEventScreenDrag","gesture_probe_seq":3,"kind":"raw_input","position":[329.5,864.0],"timestamp_usec":282094,"touch_index":0}
INP_PROBE {"accepted":true,"coord":[1,0],"counts":{"chain_cancelled":0,"chain_completed":0,"chain_started":1,"raw":2,"try_add":2},"gesture_probe_seq":3,"ingredient":"tortilla","kind":"try_add","points":[[0,0],[1,0]],"timestamp_usec":282127}
INP_PROBE {"counts":{"chain_cancelled":0,"chain_completed":0,"chain_started":1,"raw":2,"try_add":2},"gesture_probe_seq":3,"kind":"chain_changed","points":[[0,0],[1,0]],"timestamp_usec":282154}
INP_PROBE {"counts":{"chain_cancelled":0,"chain_completed":0,"chain_started":1,"raw":3,"try_add":2},"device":0,"event_type":"InputEventScreenDrag","gesture_probe_seq":3,"kind":"raw_input","position":[540.5,864.0],"timestamp_usec":282177,"touch_index":0}
INP_PROBE {"accepted":true,"coord":[2,0],"counts":{"chain_cancelled":0,"chain_completed":0,"chain_started":1,"raw":3,"try_add":3},"gesture_probe_seq":3,"ingredient":"tortilla","kind":"try_add","points":[[0,0],[1,0],[2,0]],"timestamp_usec":282212}
INP_PROBE {"counts":{"chain_cancelled":0,"chain_completed":0,"chain_started":1,"raw":3,"try_add":3},"gesture_probe_seq":3,"kind":"chain_changed","points":[[0,0],[1,0],[2,0]],"timestamp_usec":282241}
INP_PROBE {"counts":{"chain_cancelled":0,"chain_completed":0,"chain_started":1,"raw":4,"try_add":3},"device":0,"event_type":"InputEventScreenDrag","gesture_probe_seq":3,"kind":"raw_input","position":[751.5,864.0],"timestamp_usec":282263,"touch_index":0}
INP_PROBE {"accepted":true,"coord":[3,0],"counts":{"chain_cancelled":0,"chain_completed":0,"chain_started":1,"raw":4,"try_add":4},"gesture_probe_seq":3,"ingredient":"tortilla","kind":"try_add","points":[[0,0],[1,0],[2,0],[3,0]],"timestamp_usec":282298}
INP_PROBE {"counts":{"chain_cancelled":0,"chain_completed":0,"chain_started":1,"raw":4,"try_add":4},"gesture_probe_seq":3,"kind":"chain_changed","points":[[0,0],[1,0],[2,0],[3,0]],"timestamp_usec":282326}
INP_PROBE {"counts":{"chain_cancelled":0,"chain_completed":0,"chain_started":1,"raw":5,"try_add":4},"device":0,"event_type":"InputEventScreenDrag","gesture_probe_seq":3,"kind":"raw_input","position":[962.5,864.0],"timestamp_usec":282352,"touch_index":0}
INP_PROBE {"accepted":true,"coord":[4,0],"counts":{"chain_cancelled":0,"chain_completed":0,"chain_started":1,"raw":5,"try_add":5},"gesture_probe_seq":3,"ingredient":"tortilla","kind":"try_add","points":[[0,0],[1,0],[2,0],[3,0],[4,0]],"timestamp_usec":282386}
INP_PROBE {"counts":{"chain_cancelled":0,"chain_completed":0,"chain_started":1,"raw":5,"try_add":5},"gesture_probe_seq":3,"kind":"chain_changed","points":[[0,0],[1,0],[2,0],[3,0],[4,0]],"timestamp_usec":282422}
INP_PROBE {"counts":{"chain_cancelled":0,"chain_completed":0,"chain_started":1,"raw":6,"try_add":5},"device":0,"event_type":"InputEventScreenTouch","gesture_probe_seq":3,"kind":"raw_input","position":[962.5,864.0],"pressed":false,"timestamp_usec":282445,"touch_index":0}
INP_PROBE {"counts":{"chain_cancelled":0,"chain_completed":1,"chain_started":1,"raw":6,"try_add":5},"gesture_probe_seq":3,"ingredient":"tortilla","kind":"chain_completed","points":[[0,0],[1,0],[2,0],[3,0],[4,0]],"timestamp_usec":282522}
INP_PROBE {"board_seed":20260920,"counts":{"chain_cancelled":0,"chain_completed":0,"chain_started":0,"raw":0,"try_add":0},"gesture_probe_seq":3,"kind":"reset","layout":"two_tortilla_rows","timestamp_usec":282630}
INP_PROBE {"counts":{"chain_cancelled":0,"chain_completed":0,"chain_started":0,"raw":1,"try_add":0},"device":0,"event_type":"InputEventScreenTouch","gesture_probe_seq":4,"kind":"raw_input","position":[118.0,864.0],"pressed":true,"timestamp_usec":282656,"touch_index":0}
INP_PROBE {"accepted":true,"coord":[0,0],"counts":{"chain_cancelled":0,"chain_completed":0,"chain_started":0,"raw":1,"try_add":1},"gesture_probe_seq":4,"ingredient":"tortilla","kind":"try_add","points":[[0,0]],"timestamp_usec":282695}
INP_PROBE {"counts":{"chain_cancelled":0,"chain_completed":0,"chain_started":1,"raw":1,"try_add":1},"gesture_probe_seq":4,"kind":"chain_started","points":[[0,0]],"timestamp_usec":282724}
INP_PROBE {"counts":{"chain_cancelled":0,"chain_completed":0,"chain_started":1,"raw":2,"try_add":1},"device":0,"event_type":"InputEventScreenDrag","gesture_probe_seq":4,"kind":"raw_input","position":[118.0,1075.5],"timestamp_usec":282745,"touch_index":0}
INP_PROBE {"accepted":true,"coord":[0,1],"counts":{"chain_cancelled":0,"chain_completed":0,"chain_started":1,"raw":2,"try_add":2},"gesture_probe_seq":4,"ingredient":"tortilla","kind":"try_add","points":[[0,0],[0,1]],"timestamp_usec":282779}
INP_PROBE {"counts":{"chain_cancelled":0,"chain_completed":0,"chain_started":1,"raw":2,"try_add":2},"gesture_probe_seq":4,"kind":"chain_changed","points":[[0,0],[0,1]],"timestamp_usec":282807}
INP_PROBE {"counts":{"chain_cancelled":0,"chain_completed":0,"chain_started":1,"raw":3,"try_add":2},"device":0,"event_type":"InputEventScreenDrag","gesture_probe_seq":4,"kind":"raw_input","position":[329.5,1075.5],"timestamp_usec":282828,"touch_index":0}
INP_PROBE {"accepted":true,"coord":[1,1],"counts":{"chain_cancelled":0,"chain_completed":0,"chain_started":1,"raw":3,"try_add":3},"gesture_probe_seq":4,"ingredient":"tortilla","kind":"try_add","points":[[0,0],[0,1],[1,1]],"timestamp_usec":282864}
INP_PROBE {"counts":{"chain_cancelled":0,"chain_completed":0,"chain_started":1,"raw":3,"try_add":3},"gesture_probe_seq":4,"kind":"chain_changed","points":[[0,0],[0,1],[1,1]],"timestamp_usec":282891}
INP_PROBE {"counts":{"chain_cancelled":0,"chain_completed":0,"chain_started":1,"raw":4,"try_add":3},"device":0,"event_type":"InputEventScreenDrag","gesture_probe_seq":4,"kind":"raw_input","position":[329.5,864.0],"timestamp_usec":282913,"touch_index":0}
INP_PROBE {"accepted":true,"coord":[1,0],"counts":{"chain_cancelled":0,"chain_completed":0,"chain_started":1,"raw":4,"try_add":4},"gesture_probe_seq":4,"ingredient":"tortilla","kind":"try_add","points":[[0,0],[0,1],[1,1],[1,0]],"timestamp_usec":282948}
INP_PROBE {"counts":{"chain_cancelled":0,"chain_completed":0,"chain_started":1,"raw":4,"try_add":4},"gesture_probe_seq":4,"kind":"chain_changed","points":[[0,0],[0,1],[1,1],[1,0]],"timestamp_usec":282977}
INP_PROBE {"counts":{"chain_cancelled":0,"chain_completed":0,"chain_started":1,"raw":5,"try_add":4},"device":0,"event_type":"InputEventScreenDrag","gesture_probe_seq":4,"kind":"raw_input","position":[540.5,864.0],"timestamp_usec":282999,"touch_index":0}
INP_PROBE {"accepted":true,"coord":[2,0],"counts":{"chain_cancelled":0,"chain_completed":0,"chain_started":1,"raw":5,"try_add":5},"gesture_probe_seq":4,"ingredient":"tortilla","kind":"try_add","points":[[0,0],[0,1],[1,1],[1,0],[2,0]],"timestamp_usec":283033}
INP_PROBE {"counts":{"chain_cancelled":0,"chain_completed":0,"chain_started":1,"raw":5,"try_add":5},"gesture_probe_seq":4,"kind":"chain_changed","points":[[0,0],[0,1],[1,1],[1,0],[2,0]],"timestamp_usec":283067}
INP_PROBE {"counts":{"chain_cancelled":0,"chain_completed":0,"chain_started":1,"raw":6,"try_add":5},"device":0,"event_type":"InputEventScreenTouch","gesture_probe_seq":4,"kind":"raw_input","position":[540.5,864.0],"pressed":false,"timestamp_usec":283090,"touch_index":0}
INP_PROBE {"counts":{"chain_cancelled":0,"chain_completed":1,"chain_started":1,"raw":6,"try_add":5},"gesture_probe_seq":4,"ingredient":"tortilla","kind":"chain_completed","points":[[0,0],[0,1],[1,1],[1,0],[2,0]],"timestamp_usec":283175}
INP_PROBE {"counts":{"chain_cancelled":10000,"chain_completed":10000,"chain_started":10000,"raw":10001,"try_add":10000},"device":0,"event_type":"InputEventScreenTouch","gesture_probe_seq":5,"kind":"raw_input","position":[10.0,10.0],"pressed":true,"timestamp_usec":294821,"touch_index":0}
INP_PROBE {"button_index":0,"counts":{"chain_cancelled":10000,"chain_completed":10000,"chain_started":10000,"raw":10002,"try_add":10000},"device":32,"event_type":"InputEventMouseButton","gesture_probe_seq":6,"kind":"raw_input","position":[100.0,100.0],"pressed":true,"timestamp_usec":294853}
INP_PROBE {"counts":{"chain_cancelled":10000,"chain_completed":10000,"chain_started":10000,"raw":10002,"try_add":10000},"emulate_mouse_from_touch":false,"gesture_probe_seq":6,"kind":"scenario","scenario":"B","timestamp_usec":294884}
INP_PROBE {"counts":{"chain_cancelled":10000,"chain_completed":10000,"chain_started":10000,"raw":10002,"try_add":10000},"emulate_mouse_from_touch":true,"gesture_probe_seq":6,"kind":"scenario","scenario":"A","timestamp_usec":294909}
INP_PROBE_TEST 62 checks 0 failures; synthetic evidence only
