Godot Engine v4.7.2.stable.official.ed1daf0bf - https://godotengine.org

INP_PROBE {"board_seed":20260920,"correlation":"temporal heuristic only; not a physical gesture claim","counts":{"chain_cancelled":0,"chain_completed":0,"chain_started":0,"raw":0,"try_add":0},"display_server":"headless","emulate_mouse_from_touch":true,"emulate_touch_from_mouse":false,"engine":"4.7.2-stable (official)","gesture_probe_seq":0,"kind":"environment","log_path":"","os":"macOS","renderer":"mobile","run_seed":20260921,"timestamp_usec":172973}
INP_PROBE {"counts":{"chain_cancelled":0,"chain_completed":0,"chain_started":0,"raw":1,"try_add":0},"device":0,"event_type":"InputEventScreenTouch","gesture_probe_seq":1,"kind":"raw_input","position":[118.0,864.0],"pressed":true,"timestamp_usec":208970,"touch_index":0}
INP_PROBE {"counts":{"chain_cancelled":0,"chain_completed":0,"chain_started":1,"raw":1,"try_add":0},"gesture_probe_seq":1,"kind":"chain_started","points":[[0,0]],"timestamp_usec":209121}
INP_PROBE {"counts":{"chain_cancelled":0,"chain_completed":0,"chain_started":1,"raw":2,"try_add":0},"device":0,"event_type":"InputEventScreenDrag","gesture_probe_seq":1,"kind":"raw_input","position":[329.5,864.0],"timestamp_usec":209163,"touch_index":0}
INP_PROBE {"counts":{"chain_cancelled":0,"chain_completed":0,"chain_started":1,"raw":2,"try_add":0},"gesture_probe_seq":1,"kind":"chain_changed","points":[[0,0],[1,0]],"timestamp_usec":209214}
INP_PROBE {"counts":{"chain_cancelled":0,"chain_completed":0,"chain_started":1,"raw":3,"try_add":0},"device":0,"event_type":"InputEventScreenDrag","gesture_probe_seq":1,"kind":"raw_input","position":[540.5,864.0],"timestamp_usec":209238,"touch_index":0}
INP_PROBE {"counts":{"chain_cancelled":0,"chain_completed":0,"chain_started":1,"raw":3,"try_add":0},"gesture_probe_seq":1,"kind":"chain_changed","points":[[0,0],[1,0],[2,0]],"timestamp_usec":209278}
INP_PROBE {"counts":{"chain_cancelled":0,"chain_completed":0,"chain_started":1,"raw":4,"try_add":0},"device":0,"event_type":"InputEventScreenTouch","gesture_probe_seq":1,"kind":"raw_input","position":[540.5,864.0],"pressed":false,"timestamp_usec":209301,"touch_index":0}
INP_PROBE {"counts":{"chain_cancelled":0,"chain_completed":1,"chain_started":1,"raw":4,"try_add":0},"gesture_probe_seq":1,"ingredient":"tortilla","kind":"chain_completed","points":[[0,0],[1,0],[2,0]],"timestamp_usec":209387}
INP_PROBE {"board_seed":20260920,"correlation":"temporal heuristic only; not a physical gesture claim","counts":{"chain_cancelled":0,"chain_completed":0,"chain_started":0,"raw":0,"try_add":0},"display_server":"headless","emulate_mouse_from_touch":true,"emulate_touch_from_mouse":false,"engine":"4.7.2-stable (official)","gesture_probe_seq":0,"kind":"environment","log_path":"","os":"macOS","renderer":"mobile","run_seed":20260921,"timestamp_usec":212899}
INP_PROBE {"counts":{"chain_cancelled":0,"chain_completed":0,"chain_started":0,"raw":1,"try_add":0},"device":0,"event_type":"InputEventScreenTouch","gesture_probe_seq":1,"kind":"raw_input","position":[118.0,864.0],"pressed":true,"timestamp_usec":217572,"touch_index":0}
INP_PROBE {"accepted":true,"coord":[0,0],"counts":{"chain_cancelled":0,"chain_completed":0,"chain_started":0,"raw":1,"try_add":1},"gesture_probe_seq":1,"ingredient":"tortilla","kind":"try_add","points":[[0,0]],"timestamp_usec":217667}
INP_PROBE {"counts":{"chain_cancelled":0,"chain_completed":0,"chain_started":1,"raw":1,"try_add":1},"gesture_probe_seq":1,"kind":"chain_started","points":[[0,0]],"timestamp_usec":217720}
INP_PROBE {"counts":{"chain_cancelled":0,"chain_completed":0,"chain_started":1,"raw":2,"try_add":1},"device":0,"event_type":"InputEventScreenDrag","gesture_probe_seq":1,"kind":"raw_input","position":[329.5,864.0],"timestamp_usec":217756,"touch_index":0}
INP_PROBE {"accepted":true,"coord":[1,0],"counts":{"chain_cancelled":0,"chain_completed":0,"chain_started":1,"raw":2,"try_add":2},"gesture_probe_seq":1,"ingredient":"tortilla","kind":"try_add","points":[[0,0],[1,0]],"timestamp_usec":217811}
INP_PROBE {"counts":{"chain_cancelled":0,"chain_completed":0,"chain_started":1,"raw":2,"try_add":2},"gesture_probe_seq":1,"kind":"chain_changed","points":[[0,0],[1,0]],"timestamp_usec":217855}
INP_PROBE {"counts":{"chain_cancelled":0,"chain_completed":0,"chain_started":1,"raw":3,"try_add":2},"device":0,"event_type":"InputEventScreenDrag","gesture_probe_seq":1,"kind":"raw_input","position":[540.5,864.0],"timestamp_usec":217902,"touch_index":0}
INP_PROBE {"accepted":true,"coord":[2,0],"counts":{"chain_cancelled":0,"chain_completed":0,"chain_started":1,"raw":3,"try_add":3},"gesture_probe_seq":1,"ingredient":"tortilla","kind":"try_add","points":[[0,0],[1,0],[2,0]],"timestamp_usec":217946}
INP_PROBE {"counts":{"chain_cancelled":0,"chain_completed":0,"chain_started":1,"raw":3,"try_add":3},"gesture_probe_seq":1,"kind":"chain_changed","points":[[0,0],[1,0],[2,0]],"timestamp_usec":217982}
INP_PROBE {"counts":{"chain_cancelled":0,"chain_completed":0,"chain_started":1,"raw":4,"try_add":3},"device":0,"event_type":"InputEventScreenTouch","gesture_probe_seq":1,"kind":"raw_input","position":[540.5,864.0],"pressed":false,"timestamp_usec":218012,"touch_index":0}
INP_PROBE {"counts":{"chain_cancelled":0,"chain_completed":1,"chain_started":1,"raw":4,"try_add":3},"gesture_probe_seq":1,"ingredient":"tortilla","kind":"chain_completed","points":[[0,0],[1,0],[2,0]],"timestamp_usec":218123}
INP_PROBE {"board_seed":20260920,"correlation":"temporal heuristic only; not a physical gesture claim","counts":{"chain_cancelled":0,"chain_completed":0,"chain_started":0,"raw":0,"try_add":0},"display_server":"headless","emulate_mouse_from_touch":true,"emulate_touch_from_mouse":false,"engine":"4.7.2-stable (official)","gesture_probe_seq":0,"kind":"environment","log_path":"","os":"macOS","renderer":"mobile","run_seed":20260921,"timestamp_usec":227637}
INP_PROBE {"button_index":1,"counts":{"chain_cancelled":0,"chain_completed":0,"chain_started":0,"raw":1,"try_add":0},"device":32,"event_type":"InputEventMouseButton","gesture_probe_seq":1,"kind":"raw_input","position":[118.0,864.0],"pressed":true,"timestamp_usec":239126}
INP_PROBE {"counts":{"chain_cancelled":0,"chain_completed":0,"chain_started":1,"raw":1,"try_add":0},"gesture_probe_seq":1,"kind":"chain_started","points":[[0,0]],"timestamp_usec":239213}
INP_PROBE {"button_mask":1,"counts":{"chain_cancelled":0,"chain_completed":0,"chain_started":1,"raw":2,"try_add":0},"device":32,"event_type":"InputEventMouseMotion","gesture_probe_seq":1,"kind":"raw_input","position":[329.5,864.0],"timestamp_usec":239250}
INP_PROBE {"counts":{"chain_cancelled":0,"chain_completed":0,"chain_started":1,"raw":2,"try_add":0},"gesture_probe_seq":1,"kind":"chain_changed","points":[[0,0],[1,0]],"timestamp_usec":240612}
INP_PROBE {"button_mask":1,"counts":{"chain_cancelled":0,"chain_completed":0,"chain_started":1,"raw":3,"try_add":0},"device":32,"event_type":"InputEventMouseMotion","gesture_probe_seq":1,"kind":"raw_input","position":[540.5,864.0],"timestamp_usec":240643}
INP_PROBE {"counts":{"chain_cancelled":0,"chain_completed":0,"chain_started":1,"raw":3,"try_add":0},"gesture_probe_seq":1,"kind":"chain_changed","points":[[0,0],[1,0],[2,0]],"timestamp_usec":240684}
INP_PROBE {"button_index":1,"counts":{"chain_cancelled":0,"chain_completed":0,"chain_started":1,"raw":4,"try_add":0},"device":32,"event_type":"InputEventMouseButton","gesture_probe_seq":1,"kind":"raw_input","position":[540.5,864.0],"pressed":false,"timestamp_usec":240711}
INP_PROBE {"counts":{"chain_cancelled":0,"chain_completed":1,"chain_started":1,"raw":4,"try_add":0},"gesture_probe_seq":1,"ingredient":"tortilla","kind":"chain_completed","points":[[0,0],[1,0],[2,0]],"timestamp_usec":240780}
INP_PROBE {"board_seed":20260920,"correlation":"temporal heuristic only; not a physical gesture claim","counts":{"chain_cancelled":0,"chain_completed":0,"chain_started":0,"raw":0,"try_add":0},"display_server":"headless","emulate_mouse_from_touch":true,"emulate_touch_from_mouse":false,"engine":"4.7.2-stable (official)","gesture_probe_seq":0,"kind":"environment","log_path":"","os":"macOS","renderer":"mobile","run_seed":20260921,"timestamp_usec":247831}
INP_PROBE {"button_index":1,"counts":{"chain_cancelled":0,"chain_completed":0,"chain_started":0,"raw":1,"try_add":0},"device":32,"event_type":"InputEventMouseButton","gesture_probe_seq":1,"kind":"raw_input","position":[118.0,864.0],"pressed":true,"timestamp_usec":259835}
INP_PROBE {"accepted":true,"coord":[0,0],"counts":{"chain_cancelled":0,"chain_completed":0,"chain_started":0,"raw":1,"try_add":1},"gesture_probe_seq":1,"ingredient":"tortilla","kind":"try_add","points":[[0,0]],"timestamp_usec":259939}
INP_PROBE {"counts":{"chain_cancelled":0,"chain_completed":0,"chain_started":1,"raw":1,"try_add":1},"gesture_probe_seq":1,"kind":"chain_started","points":[[0,0]],"timestamp_usec":259971}
INP_PROBE {"button_mask":1,"counts":{"chain_cancelled":0,"chain_completed":0,"chain_started":1,"raw":2,"try_add":1},"device":32,"event_type":"InputEventMouseMotion","gesture_probe_seq":1,"kind":"raw_input","position":[329.5,864.0],"timestamp_usec":260000}
INP_PROBE {"accepted":true,"coord":[1,0],"counts":{"chain_cancelled":0,"chain_completed":0,"chain_started":1,"raw":2,"try_add":2},"gesture_probe_seq":1,"ingredient":"tortilla","kind":"try_add","points":[[0,0],[1,0]],"timestamp_usec":260040}
INP_PROBE {"counts":{"chain_cancelled":0,"chain_completed":0,"chain_started":1,"raw":2,"try_add":2},"gesture_probe_seq":1,"kind":"chain_changed","points":[[0,0],[1,0]],"timestamp_usec":260077}
INP_PROBE {"button_mask":1,"counts":{"chain_cancelled":0,"chain_completed":0,"chain_started":1,"raw":3,"try_add":2},"device":32,"event_type":"InputEventMouseMotion","gesture_probe_seq":1,"kind":"raw_input","position":[540.5,864.0],"timestamp_usec":260106}
INP_PROBE {"accepted":true,"coord":[2,0],"counts":{"chain_cancelled":0,"chain_completed":0,"chain_started":1,"raw":3,"try_add":3},"gesture_probe_seq":1,"ingredient":"tortilla","kind":"try_add","points":[[0,0],[1,0],[2,0]],"timestamp_usec":260141}
INP_PROBE {"counts":{"chain_cancelled":0,"chain_completed":0,"chain_started":1,"raw":3,"try_add":3},"gesture_probe_seq":1,"kind":"chain_changed","points":[[0,0],[1,0],[2,0]],"timestamp_usec":260170}
INP_PROBE {"button_index":1,"counts":{"chain_cancelled":0,"chain_completed":0,"chain_started":1,"raw":4,"try_add":3},"device":32,"event_type":"InputEventMouseButton","gesture_probe_seq":1,"kind":"raw_input","position":[540.5,864.0],"pressed":false,"timestamp_usec":260196}
INP_PROBE {"counts":{"chain_cancelled":0,"chain_completed":1,"chain_started":1,"raw":4,"try_add":3},"gesture_probe_seq":1,"ingredient":"tortilla","kind":"chain_completed","points":[[0,0],[1,0],[2,0]],"timestamp_usec":260265}
INP_PROBE {"board_seed":20260920,"correlation":"temporal heuristic only; not a physical gesture claim","counts":{"chain_cancelled":0,"chain_completed":0,"chain_started":0,"raw":0,"try_add":0},"display_server":"headless","emulate_mouse_from_touch":true,"emulate_touch_from_mouse":false,"engine":"4.7.2-stable (official)","gesture_probe_seq":0,"kind":"environment","log_path":"","os":"macOS","renderer":"mobile","run_seed":20260921,"timestamp_usec":269015}
INP_PROBE {"counts":{"chain_cancelled":0,"chain_completed":0,"chain_started":0,"raw":1,"try_add":0},"device":0,"event_type":"InputEventScreenTouch","gesture_probe_seq":1,"kind":"raw_input","position":[118.0,864.0],"pressed":true,"timestamp_usec":280521,"touch_index":0}
INP_PROBE {"counts":{"chain_cancelled":0,"chain_completed":0,"chain_started":1,"raw":1,"try_add":0},"gesture_probe_seq":1,"kind":"chain_started","points":[[0,0]],"timestamp_usec":280593}
INP_PROBE {"button_index":1,"counts":{"chain_cancelled":0,"chain_completed":0,"chain_started":1,"raw":2,"try_add":0},"device":32,"event_type":"InputEventMouseButton","gesture_probe_seq":1,"kind":"raw_input","position":[118.0,864.0],"pressed":true,"timestamp_usec":280632}
INP_PROBE {"counts":{"chain_cancelled":0,"chain_completed":0,"chain_started":2,"raw":2,"try_add":0},"gesture_probe_seq":1,"kind":"chain_started","points":[[0,0]],"timestamp_usec":280688}
INP_PROBE {"counts":{"chain_cancelled":0,"chain_completed":0,"chain_started":2,"raw":3,"try_add":0},"device":0,"event_type":"InputEventScreenDrag","gesture_probe_seq":1,"kind":"raw_input","position":[329.5,864.0],"timestamp_usec":280718,"touch_index":0}
INP_PROBE {"counts":{"chain_cancelled":0,"chain_completed":0,"chain_started":2,"raw":3,"try_add":0},"gesture_probe_seq":1,"kind":"chain_changed","points":[[0,0],[1,0]],"timestamp_usec":280772}
INP_PROBE {"button_mask":1,"counts":{"chain_cancelled":0,"chain_completed":0,"chain_started":2,"raw":4,"try_add":0},"device":32,"event_type":"InputEventMouseMotion","gesture_probe_seq":1,"kind":"raw_input","position":[329.5,864.0],"timestamp_usec":280804}
INP_PROBE {"counts":{"chain_cancelled":0,"chain_completed":0,"chain_started":2,"raw":5,"try_add":0},"device":0,"event_type":"InputEventScreenDrag","gesture_probe_seq":1,"kind":"raw_input","position":[540.5,864.0],"timestamp_usec":280845,"touch_index":0}
INP_PROBE {"counts":{"chain_cancelled":0,"chain_completed":0,"chain_started":2,"raw":5,"try_add":0},"gesture_probe_seq":1,"kind":"chain_changed","points":[[0,0],[1,0],[2,0]],"timestamp_usec":280894}
INP_PROBE {"button_mask":1,"counts":{"chain_cancelled":0,"chain_completed":0,"chain_started":2,"raw":6,"try_add":0},"device":32,"event_type":"InputEventMouseMotion","gesture_probe_seq":1,"kind":"raw_input","position":[540.5,864.0],"timestamp_usec":280923}
INP_PROBE {"counts":{"chain_cancelled":0,"chain_completed":0,"chain_started":2,"raw":7,"try_add":0},"device":0,"event_type":"InputEventScreenTouch","gesture_probe_seq":1,"kind":"raw_input","position":[540.5,864.0],"pressed":false,"timestamp_usec":280963,"touch_index":0}
INP_PROBE {"counts":{"chain_cancelled":0,"chain_completed":1,"chain_started":2,"raw":7,"try_add":0},"gesture_probe_seq":1,"ingredient":"tortilla","kind":"chain_completed","points":[[0,0],[1,0],[2,0]],"timestamp_usec":281038}
INP_PROBE {"button_index":1,"counts":{"chain_cancelled":0,"chain_completed":1,"chain_started":2,"raw":8,"try_add":0},"device":32,"event_type":"InputEventMouseButton","gesture_probe_seq":1,"kind":"raw_input","position":[540.5,864.0],"pressed":false,"timestamp_usec":281076}
INP_PROBE {"board_seed":20260920,"correlation":"temporal heuristic only; not a physical gesture claim","counts":{"chain_cancelled":0,"chain_completed":0,"chain_started":0,"raw":0,"try_add":0},"display_server":"headless","emulate_mouse_from_touch":true,"emulate_touch_from_mouse":false,"engine":"4.7.2-stable (official)","gesture_probe_seq":0,"kind":"environment","log_path":"","os":"macOS","renderer":"mobile","run_seed":20260921,"timestamp_usec":290214}
INP_PROBE {"counts":{"chain_cancelled":0,"chain_completed":0,"chain_started":0,"raw":1,"try_add":0},"device":0,"event_type":"InputEventScreenTouch","gesture_probe_seq":1,"kind":"raw_input","position":[118.0,864.0],"pressed":true,"timestamp_usec":301225,"touch_index":0}
INP_PROBE {"accepted":true,"coord":[0,0],"counts":{"chain_cancelled":0,"chain_completed":0,"chain_started":0,"raw":1,"try_add":1},"gesture_probe_seq":1,"ingredient":"tortilla","kind":"try_add","points":[[0,0]],"timestamp_usec":301299}
INP_PROBE {"counts":{"chain_cancelled":0,"chain_completed":0,"chain_started":1,"raw":1,"try_add":1},"gesture_probe_seq":1,"kind":"chain_started","points":[[0,0]],"timestamp_usec":301339}
INP_PROBE {"button_index":1,"counts":{"chain_cancelled":0,"chain_completed":0,"chain_started":1,"raw":2,"try_add":1},"device":32,"event_type":"InputEventMouseButton","gesture_probe_seq":1,"kind":"raw_input","position":[118.0,864.0],"pressed":true,"timestamp_usec":301375}
INP_PROBE {"accepted":true,"coord":[0,0],"counts":{"chain_cancelled":0,"chain_completed":0,"chain_started":1,"raw":2,"try_add":2},"gesture_probe_seq":1,"ingredient":"tortilla","kind":"try_add","points":[[0,0]],"timestamp_usec":301424}
INP_PROBE {"counts":{"chain_cancelled":0,"chain_completed":0,"chain_started":2,"raw":2,"try_add":2},"gesture_probe_seq":1,"kind":"chain_started","points":[[0,0]],"timestamp_usec":301458}
INP_PROBE {"counts":{"chain_cancelled":0,"chain_completed":0,"chain_started":2,"raw":3,"try_add":2},"device":0,"event_type":"InputEventScreenDrag","gesture_probe_seq":1,"kind":"raw_input","position":[329.5,864.0],"timestamp_usec":301485,"touch_index":0}
INP_PROBE {"accepted":true,"coord":[1,0],"counts":{"chain_cancelled":0,"chain_completed":0,"chain_started":2,"raw":3,"try_add":3},"gesture_probe_seq":1,"ingredient":"tortilla","kind":"try_add","points":[[0,0],[1,0]],"timestamp_usec":301545}
INP_PROBE {"counts":{"chain_cancelled":0,"chain_completed":0,"chain_started":2,"raw":3,"try_add":3},"gesture_probe_seq":1,"kind":"chain_changed","points":[[0,0],[1,0]],"timestamp_usec":301579}
INP_PROBE {"button_mask":1,"counts":{"chain_cancelled":0,"chain_completed":0,"chain_started":2,"raw":4,"try_add":3},"device":32,"event_type":"InputEventMouseMotion","gesture_probe_seq":1,"kind":"raw_input","position":[329.5,864.0],"timestamp_usec":301609}
INP_PROBE {"accepted":false,"coord":[1,0],"counts":{"chain_cancelled":0,"chain_completed":0,"chain_started":2,"raw":4,"try_add":4},"gesture_probe_seq":1,"ingredient":"tortilla","kind":"try_add","points":[[0,0],[1,0]],"timestamp_usec":301652}
INP_PROBE {"counts":{"chain_cancelled":0,"chain_completed":0,"chain_started":2,"raw":5,"try_add":4},"device":0,"event_type":"InputEventScreenDrag","gesture_probe_seq":1,"kind":"raw_input","position":[540.5,864.0],"timestamp_usec":301679,"touch_index":0}
INP_PROBE {"accepted":true,"coord":[2,0],"counts":{"chain_cancelled":0,"chain_completed":0,"chain_started":2,"raw":5,"try_add":5},"gesture_probe_seq":1,"ingredient":"tortilla","kind":"try_add","points":[[0,0],[1,0],[2,0]],"timestamp_usec":301718}
INP_PROBE {"counts":{"chain_cancelled":0,"chain_completed":0,"chain_started":2,"raw":5,"try_add":5},"gesture_probe_seq":1,"kind":"chain_changed","points":[[0,0],[1,0],[2,0]],"timestamp_usec":301751}
INP_PROBE {"button_mask":1,"counts":{"chain_cancelled":0,"chain_completed":0,"chain_started":2,"raw":6,"try_add":5},"device":32,"event_type":"InputEventMouseMotion","gesture_probe_seq":1,"kind":"raw_input","position":[540.5,864.0],"timestamp_usec":301781}
INP_PROBE {"accepted":false,"coord":[2,0],"counts":{"chain_cancelled":0,"chain_completed":0,"chain_started":2,"raw":6,"try_add":6},"gesture_probe_seq":1,"ingredient":"tortilla","kind":"try_add","points":[[0,0],[1,0],[2,0]],"timestamp_usec":301825}
INP_PROBE {"counts":{"chain_cancelled":0,"chain_completed":0,"chain_started":2,"raw":7,"try_add":6},"device":0,"event_type":"InputEventScreenTouch","gesture_probe_seq":1,"kind":"raw_input","position":[540.5,864.0],"pressed":false,"timestamp_usec":301853,"touch_index":0}
INP_PROBE {"counts":{"chain_cancelled":0,"chain_completed":1,"chain_started":2,"raw":7,"try_add":6},"gesture_probe_seq":1,"ingredient":"tortilla","kind":"chain_completed","points":[[0,0],[1,0],[2,0]],"timestamp_usec":301933}
INP_PROBE {"button_index":1,"counts":{"chain_cancelled":0,"chain_completed":1,"chain_started":2,"raw":8,"try_add":6},"device":32,"event_type":"InputEventMouseButton","gesture_probe_seq":1,"kind":"raw_input","position":[540.5,864.0],"pressed":false,"timestamp_usec":301972}
INP_PROBE {"board_seed":20260920,"correlation":"temporal heuristic only; not a physical gesture claim","counts":{"chain_cancelled":0,"chain_completed":0,"chain_started":0,"raw":0,"try_add":0},"display_server":"headless","emulate_mouse_from_touch":true,"emulate_touch_from_mouse":false,"engine":"4.7.2-stable (official)","gesture_probe_seq":0,"kind":"environment","log_path":"","os":"macOS","renderer":"mobile","run_seed":20260921,"timestamp_usec":311344}
INP_PROBE {"board_seed":20260920,"counts":{"chain_cancelled":0,"chain_completed":0,"chain_started":0,"raw":0,"try_add":0},"gesture_probe_seq":0,"kind":"reset","layout":"two_tortilla_rows","timestamp_usec":322052}
INP_PROBE {"counts":{"chain_cancelled":0,"chain_completed":0,"chain_started":0,"raw":1,"try_add":0},"device":0,"event_type":"InputEventScreenTouch","gesture_probe_seq":1,"kind":"raw_input","position":[118.0,864.0],"pressed":true,"timestamp_usec":322106,"touch_index":0}
INP_PROBE {"accepted":true,"coord":[0,0],"counts":{"chain_cancelled":0,"chain_completed":0,"chain_started":0,"raw":1,"try_add":1},"gesture_probe_seq":1,"ingredient":"tortilla","kind":"try_add","points":[[0,0]],"timestamp_usec":322173}
INP_PROBE {"counts":{"chain_cancelled":0,"chain_completed":0,"chain_started":1,"raw":1,"try_add":1},"gesture_probe_seq":1,"kind":"chain_started","points":[[0,0]],"timestamp_usec":322226}
INP_PROBE {"counts":{"chain_cancelled":0,"chain_completed":0,"chain_started":1,"raw":2,"try_add":1},"device":0,"event_type":"InputEventScreenTouch","gesture_probe_seq":1,"kind":"raw_input","position":[118.0,864.0],"pressed":false,"timestamp_usec":322258,"touch_index":0}
INP_PROBE {"counts":{"chain_cancelled":1,"chain_completed":0,"chain_started":1,"raw":2,"try_add":1},"gesture_probe_seq":1,"kind":"chain_cancelled","timestamp_usec":322298}
INP_PROBE {"board_seed":20260920,"counts":{"chain_cancelled":0,"chain_completed":0,"chain_started":0,"raw":0,"try_add":0},"gesture_probe_seq":1,"kind":"reset","layout":"two_tortilla_rows","timestamp_usec":322534}
INP_PROBE {"counts":{"chain_cancelled":0,"chain_completed":0,"chain_started":0,"raw":1,"try_add":0},"device":0,"event_type":"InputEventScreenTouch","gesture_probe_seq":2,"kind":"raw_input","position":[118.0,864.0],"pressed":true,"timestamp_usec":322595,"touch_index":0}
INP_PROBE {"accepted":true,"coord":[0,0],"counts":{"chain_cancelled":0,"chain_completed":0,"chain_started":0,"raw":1,"try_add":1},"gesture_probe_seq":2,"ingredient":"tortilla","kind":"try_add","points":[[0,0]],"timestamp_usec":322668}
INP_PROBE {"counts":{"chain_cancelled":0,"chain_completed":0,"chain_started":1,"raw":1,"try_add":1},"gesture_probe_seq":2,"kind":"chain_started","points":[[0,0]],"timestamp_usec":322713}
INP_PROBE {"counts":{"chain_cancelled":0,"chain_completed":0,"chain_started":1,"raw":2,"try_add":1},"device":0,"event_type":"InputEventScreenDrag","gesture_probe_seq":2,"kind":"raw_input","position":[329.5,864.0],"timestamp_usec":322759,"touch_index":0}
INP_PROBE {"accepted":true,"coord":[1,0],"counts":{"chain_cancelled":0,"chain_completed":0,"chain_started":1,"raw":2,"try_add":2},"gesture_probe_seq":2,"ingredient":"tortilla","kind":"try_add","points":[[0,0],[1,0]],"timestamp_usec":322813}
INP_PROBE {"counts":{"chain_cancelled":0,"chain_completed":0,"chain_started":1,"raw":2,"try_add":2},"gesture_probe_seq":2,"kind":"chain_changed","points":[[0,0],[1,0]],"timestamp_usec":322849}
INP_PROBE {"counts":{"chain_cancelled":0,"chain_completed":0,"chain_started":1,"raw":3,"try_add":2},"device":0,"event_type":"InputEventScreenDrag","gesture_probe_seq":2,"kind":"raw_input","position":[540.5,864.0],"timestamp_usec":322885,"touch_index":0}
INP_PROBE {"accepted":true,"coord":[2,0],"counts":{"chain_cancelled":0,"chain_completed":0,"chain_started":1,"raw":3,"try_add":3},"gesture_probe_seq":2,"ingredient":"tortilla","kind":"try_add","points":[[0,0],[1,0],[2,0]],"timestamp_usec":322934}
INP_PROBE {"counts":{"chain_cancelled":0,"chain_completed":0,"chain_started":1,"raw":3,"try_add":3},"gesture_probe_seq":2,"kind":"chain_changed","points":[[0,0],[1,0],[2,0]],"timestamp_usec":322970}
INP_PROBE {"counts":{"chain_cancelled":0,"chain_completed":0,"chain_started":1,"raw":4,"try_add":3},"device":0,"event_type":"InputEventScreenDrag","gesture_probe_seq":2,"kind":"raw_input","position":[751.5,864.0],"timestamp_usec":323005,"touch_index":0}
INP_PROBE {"accepted":true,"coord":[3,0],"counts":{"chain_cancelled":0,"chain_completed":0,"chain_started":1,"raw":4,"try_add":4},"gesture_probe_seq":2,"ingredient":"tortilla","kind":"try_add","points":[[0,0],[1,0],[2,0],[3,0]],"timestamp_usec":323062}
INP_PROBE {"counts":{"chain_cancelled":0,"chain_completed":0,"chain_started":1,"raw":4,"try_add":4},"gesture_probe_seq":2,"kind":"chain_changed","points":[[0,0],[1,0],[2,0],[3,0]],"timestamp_usec":323105}
INP_PROBE {"counts":{"chain_cancelled":0,"chain_completed":0,"chain_started":1,"raw":5,"try_add":4},"device":0,"event_type":"InputEventScreenTouch","gesture_probe_seq":2,"kind":"raw_input","position":[751.5,864.0],"pressed":false,"timestamp_usec":323134,"touch_index":0}
INP_PROBE {"counts":{"chain_cancelled":0,"chain_completed":1,"chain_started":1,"raw":5,"try_add":4},"gesture_probe_seq":2,"ingredient":"tortilla","kind":"chain_completed","points":[[0,0],[1,0],[2,0],[3,0]],"timestamp_usec":323260}
INP_PROBE {"board_seed":20260920,"counts":{"chain_cancelled":0,"chain_completed":0,"chain_started":0,"raw":0,"try_add":0},"gesture_probe_seq":2,"kind":"reset","layout":"two_tortilla_rows","timestamp_usec":323434}
INP_PROBE {"counts":{"chain_cancelled":0,"chain_completed":0,"chain_started":0,"raw":1,"try_add":0},"device":0,"event_type":"InputEventScreenTouch","gesture_probe_seq":3,"kind":"raw_input","position":[118.0,864.0],"pressed":true,"timestamp_usec":323473,"touch_index":0}
INP_PROBE {"accepted":true,"coord":[0,0],"counts":{"chain_cancelled":0,"chain_completed":0,"chain_started":0,"raw":1,"try_add":1},"gesture_probe_seq":3,"ingredient":"tortilla","kind":"try_add","points":[[0,0]],"timestamp_usec":323535}
INP_PROBE {"counts":{"chain_cancelled":0,"chain_completed":0,"chain_started":1,"raw":1,"try_add":1},"gesture_probe_seq":3,"kind":"chain_started","points":[[0,0]],"timestamp_usec":323581}
INP_PROBE {"counts":{"chain_cancelled":0,"chain_completed":0,"chain_started":1,"raw":2,"try_add":1},"device":0,"event_type":"InputEventScreenDrag","gesture_probe_seq":3,"kind":"raw_input","position":[329.5,864.0],"timestamp_usec":323608,"touch_index":0}
INP_PROBE {"accepted":true,"coord":[1,0],"counts":{"chain_cancelled":0,"chain_completed":0,"chain_started":1,"raw":2,"try_add":2},"gesture_probe_seq":3,"ingredient":"tortilla","kind":"try_add","points":[[0,0],[1,0]],"timestamp_usec":323649}
INP_PROBE {"counts":{"chain_cancelled":0,"chain_completed":0,"chain_started":1,"raw":2,"try_add":2},"gesture_probe_seq":3,"kind":"chain_changed","points":[[0,0],[1,0]],"timestamp_usec":323683}
INP_PROBE {"counts":{"chain_cancelled":0,"chain_completed":0,"chain_started":1,"raw":3,"try_add":2},"device":0,"event_type":"InputEventScreenDrag","gesture_probe_seq":3,"kind":"raw_input","position":[540.5,864.0],"timestamp_usec":323715,"touch_index":0}
INP_PROBE {"accepted":true,"coord":[2,0],"counts":{"chain_cancelled":0,"chain_completed":0,"chain_started":1,"raw":3,"try_add":3},"gesture_probe_seq":3,"ingredient":"tortilla","kind":"try_add","points":[[0,0],[1,0],[2,0]],"timestamp_usec":323755}
INP_PROBE {"counts":{"chain_cancelled":0,"chain_completed":0,"chain_started":1,"raw":3,"try_add":3},"gesture_probe_seq":3,"kind":"chain_changed","points":[[0,0],[1,0],[2,0]],"timestamp_usec":323791}
INP_PROBE {"counts":{"chain_cancelled":0,"chain_completed":0,"chain_started":1,"raw":4,"try_add":3},"device":0,"event_type":"InputEventScreenDrag","gesture_probe_seq":3,"kind":"raw_input","position":[751.5,864.0],"timestamp_usec":323816,"touch_index":0}
INP_PROBE {"accepted":true,"coord":[3,0],"counts":{"chain_cancelled":0,"chain_completed":0,"chain_started":1,"raw":4,"try_add":4},"gesture_probe_seq":3,"ingredient":"tortilla","kind":"try_add","points":[[0,0],[1,0],[2,0],[3,0]],"timestamp_usec":323857}
INP_PROBE {"counts":{"chain_cancelled":0,"chain_completed":0,"chain_started":1,"raw":4,"try_add":4},"gesture_probe_seq":3,"kind":"chain_changed","points":[[0,0],[1,0],[2,0],[3,0]],"timestamp_usec":323892}
INP_PROBE {"counts":{"chain_cancelled":0,"chain_completed":0,"chain_started":1,"raw":5,"try_add":4},"device":0,"event_type":"InputEventScreenDrag","gesture_probe_seq":3,"kind":"raw_input","position":[962.5,864.0],"timestamp_usec":323918,"touch_index":0}
INP_PROBE {"accepted":true,"coord":[4,0],"counts":{"chain_cancelled":0,"chain_completed":0,"chain_started":1,"raw":5,"try_add":5},"gesture_probe_seq":3,"ingredient":"tortilla","kind":"try_add","points":[[0,0],[1,0],[2,0],[3,0],[4,0]],"timestamp_usec":323959}
INP_PROBE {"counts":{"chain_cancelled":0,"chain_completed":0,"chain_started":1,"raw":5,"try_add":5},"gesture_probe_seq":3,"kind":"chain_changed","points":[[0,0],[1,0],[2,0],[3,0],[4,0]],"timestamp_usec":323995}
INP_PROBE {"counts":{"chain_cancelled":0,"chain_completed":0,"chain_started":1,"raw":6,"try_add":5},"device":0,"event_type":"InputEventScreenTouch","gesture_probe_seq":3,"kind":"raw_input","position":[962.5,864.0],"pressed":false,"timestamp_usec":324022,"touch_index":0}
INP_PROBE {"counts":{"chain_cancelled":0,"chain_completed":1,"chain_started":1,"raw":6,"try_add":5},"gesture_probe_seq":3,"ingredient":"tortilla","kind":"chain_completed","points":[[0,0],[1,0],[2,0],[3,0],[4,0]],"timestamp_usec":324125}
INP_PROBE {"board_seed":20260920,"counts":{"chain_cancelled":0,"chain_completed":0,"chain_started":0,"raw":0,"try_add":0},"gesture_probe_seq":3,"kind":"reset","layout":"two_tortilla_rows","timestamp_usec":324264}
INP_PROBE {"counts":{"chain_cancelled":0,"chain_completed":0,"chain_started":0,"raw":1,"try_add":0},"device":0,"event_type":"InputEventScreenTouch","gesture_probe_seq":4,"kind":"raw_input","position":[118.0,864.0],"pressed":true,"timestamp_usec":324295,"touch_index":0}
INP_PROBE {"accepted":true,"coord":[0,0],"counts":{"chain_cancelled":0,"chain_completed":0,"chain_started":0,"raw":1,"try_add":1},"gesture_probe_seq":4,"ingredient":"tortilla","kind":"try_add","points":[[0,0]],"timestamp_usec":324342}
INP_PROBE {"counts":{"chain_cancelled":0,"chain_completed":0,"chain_started":1,"raw":1,"try_add":1},"gesture_probe_seq":4,"kind":"chain_started","points":[[0,0]],"timestamp_usec":324381}
INP_PROBE {"counts":{"chain_cancelled":0,"chain_completed":0,"chain_started":1,"raw":2,"try_add":1},"device":0,"event_type":"InputEventScreenDrag","gesture_probe_seq":4,"kind":"raw_input","position":[118.0,1075.5],"timestamp_usec":324409,"touch_index":0}
INP_PROBE {"accepted":true,"coord":[0,1],"counts":{"chain_cancelled":0,"chain_completed":0,"chain_started":1,"raw":2,"try_add":2},"gesture_probe_seq":4,"ingredient":"tortilla","kind":"try_add","points":[[0,0],[0,1]],"timestamp_usec":324450}
INP_PROBE {"counts":{"chain_cancelled":0,"chain_completed":0,"chain_started":1,"raw":2,"try_add":2},"gesture_probe_seq":4,"kind":"chain_changed","points":[[0,0],[0,1]],"timestamp_usec":324485}
INP_PROBE {"counts":{"chain_cancelled":0,"chain_completed":0,"chain_started":1,"raw":3,"try_add":2},"device":0,"event_type":"InputEventScreenDrag","gesture_probe_seq":4,"kind":"raw_input","position":[329.5,1075.5],"timestamp_usec":324512,"touch_index":0}
INP_PROBE {"accepted":true,"coord":[1,1],"counts":{"chain_cancelled":0,"chain_completed":0,"chain_started":1,"raw":3,"try_add":3},"gesture_probe_seq":4,"ingredient":"tortilla","kind":"try_add","points":[[0,0],[0,1],[1,1]],"timestamp_usec":324552}
INP_PROBE {"counts":{"chain_cancelled":0,"chain_completed":0,"chain_started":1,"raw":3,"try_add":3},"gesture_probe_seq":4,"kind":"chain_changed","points":[[0,0],[0,1],[1,1]],"timestamp_usec":324599}
INP_PROBE {"counts":{"chain_cancelled":0,"chain_completed":0,"chain_started":1,"raw":4,"try_add":3},"device":0,"event_type":"InputEventScreenDrag","gesture_probe_seq":4,"kind":"raw_input","position":[329.5,864.0],"timestamp_usec":324625,"touch_index":0}
INP_PROBE {"accepted":true,"coord":[1,0],"counts":{"chain_cancelled":0,"chain_completed":0,"chain_started":1,"raw":4,"try_add":4},"gesture_probe_seq":4,"ingredient":"tortilla","kind":"try_add","points":[[0,0],[0,1],[1,1],[1,0]],"timestamp_usec":324673}
INP_PROBE {"counts":{"chain_cancelled":0,"chain_completed":0,"chain_started":1,"raw":4,"try_add":4},"gesture_probe_seq":4,"kind":"chain_changed","points":[[0,0],[0,1],[1,1],[1,0]],"timestamp_usec":324709}
INP_PROBE {"counts":{"chain_cancelled":0,"chain_completed":0,"chain_started":1,"raw":5,"try_add":4},"device":0,"event_type":"InputEventScreenDrag","gesture_probe_seq":4,"kind":"raw_input","position":[540.5,864.0],"timestamp_usec":324736,"touch_index":0}
INP_PROBE {"accepted":true,"coord":[2,0],"counts":{"chain_cancelled":0,"chain_completed":0,"chain_started":1,"raw":5,"try_add":5},"gesture_probe_seq":4,"ingredient":"tortilla","kind":"try_add","points":[[0,0],[0,1],[1,1],[1,0],[2,0]],"timestamp_usec":324776}
INP_PROBE {"counts":{"chain_cancelled":0,"chain_completed":0,"chain_started":1,"raw":5,"try_add":5},"gesture_probe_seq":4,"kind":"chain_changed","points":[[0,0],[0,1],[1,1],[1,0],[2,0]],"timestamp_usec":324825}
INP_PROBE {"counts":{"chain_cancelled":0,"chain_completed":0,"chain_started":1,"raw":6,"try_add":5},"device":0,"event_type":"InputEventScreenTouch","gesture_probe_seq":4,"kind":"raw_input","position":[540.5,864.0],"pressed":false,"timestamp_usec":324852,"touch_index":0}
INP_PROBE {"counts":{"chain_cancelled":0,"chain_completed":1,"chain_started":1,"raw":6,"try_add":5},"gesture_probe_seq":4,"ingredient":"tortilla","kind":"chain_completed","points":[[0,0],[0,1],[1,1],[1,0],[2,0]],"timestamp_usec":324953}
INP_PROBE {"counts":{"chain_cancelled":10000,"chain_completed":10000,"chain_started":10000,"raw":10001,"try_add":10000},"device":0,"event_type":"InputEventScreenTouch","gesture_probe_seq":5,"kind":"raw_input","position":[10.0,10.0],"pressed":true,"timestamp_usec":335704,"touch_index":0}
INP_PROBE {"button_index":0,"counts":{"chain_cancelled":10000,"chain_completed":10000,"chain_started":10000,"raw":10002,"try_add":10000},"device":32,"event_type":"InputEventMouseButton","gesture_probe_seq":6,"kind":"raw_input","position":[100.0,100.0],"pressed":true,"timestamp_usec":335755}
INP_PROBE {"counts":{"chain_cancelled":10000,"chain_completed":10000,"chain_started":10000,"raw":10002,"try_add":10000},"emulate_mouse_from_touch":false,"gesture_probe_seq":6,"kind":"scenario","scenario":"B","timestamp_usec":336331}
INP_PROBE {"counts":{"chain_cancelled":10000,"chain_completed":10000,"chain_started":10000,"raw":10002,"try_add":10000},"emulate_mouse_from_touch":true,"gesture_probe_seq":6,"kind":"scenario","scenario":"A","timestamp_usec":336375}
INP_PROBE_TEST 62 checks 0 failures; synthetic evidence only
