Godot Engine v4.7.2.stable.official.ed1daf0bf - https://godotengine.org

INP_PROBE {"board_seed":20260920,"correlation":"temporal heuristic only; not a physical gesture claim","counts":{"chain_cancelled":0,"chain_completed":0,"chain_started":0,"raw":0,"try_add":0},"display_server":"headless","emulate_mouse_from_touch":true,"emulate_touch_from_mouse":false,"engine":"4.7.2-stable (official)","gesture_probe_seq":0,"kind":"environment","log_path":"","os":"macOS","renderer":"mobile","run_seed":20260921,"timestamp_usec":190527}
INP_PROBE {"counts":{"chain_cancelled":0,"chain_completed":0,"chain_started":0,"raw":1,"try_add":0},"device":0,"event_type":"InputEventScreenTouch","gesture_probe_seq":1,"kind":"raw_input","position":[118.0,864.0],"pressed":true,"timestamp_usec":214909,"touch_index":0}
INP_PROBE {"counts":{"chain_cancelled":0,"chain_completed":0,"chain_started":1,"raw":1,"try_add":0},"gesture_probe_seq":1,"kind":"chain_started","points":[[0,0]],"timestamp_usec":215135}
INP_PROBE {"counts":{"chain_cancelled":0,"chain_completed":0,"chain_started":1,"raw":2,"try_add":0},"device":0,"event_type":"InputEventScreenDrag","gesture_probe_seq":1,"kind":"raw_input","position":[329.5,864.0],"timestamp_usec":215212,"touch_index":0}
INP_PROBE {"counts":{"chain_cancelled":0,"chain_completed":0,"chain_started":1,"raw":2,"try_add":0},"gesture_probe_seq":1,"kind":"chain_changed","points":[[0,0],[1,0]],"timestamp_usec":215283}
INP_PROBE {"counts":{"chain_cancelled":0,"chain_completed":0,"chain_started":1,"raw":3,"try_add":0},"device":0,"event_type":"InputEventScreenDrag","gesture_probe_seq":1,"kind":"raw_input","position":[540.5,864.0],"timestamp_usec":215314,"touch_index":0}
INP_PROBE {"counts":{"chain_cancelled":0,"chain_completed":0,"chain_started":1,"raw":3,"try_add":0},"gesture_probe_seq":1,"kind":"chain_changed","points":[[0,0],[1,0],[2,0]],"timestamp_usec":215371}
INP_PROBE {"counts":{"chain_cancelled":0,"chain_completed":0,"chain_started":1,"raw":4,"try_add":0},"device":0,"event_type":"InputEventScreenTouch","gesture_probe_seq":1,"kind":"raw_input","position":[540.5,864.0],"pressed":false,"timestamp_usec":215409,"touch_index":0}
INP_PROBE {"counts":{"chain_cancelled":0,"chain_completed":1,"chain_started":1,"raw":4,"try_add":0},"gesture_probe_seq":1,"ingredient":"tortilla","kind":"chain_completed","points":[[0,0],[1,0],[2,0]],"timestamp_usec":215626}
INP_PROBE {"board_seed":20260920,"correlation":"temporal heuristic only; not a physical gesture claim","counts":{"chain_cancelled":0,"chain_completed":0,"chain_started":0,"raw":0,"try_add":0},"display_server":"headless","emulate_mouse_from_touch":true,"emulate_touch_from_mouse":false,"engine":"4.7.2-stable (official)","gesture_probe_seq":0,"kind":"environment","log_path":"","os":"macOS","renderer":"mobile","run_seed":20260921,"timestamp_usec":219421}
INP_PROBE {"counts":{"chain_cancelled":0,"chain_completed":0,"chain_started":0,"raw":1,"try_add":0},"device":0,"event_type":"InputEventScreenTouch","gesture_probe_seq":1,"kind":"raw_input","position":[118.0,864.0],"pressed":true,"timestamp_usec":224804,"touch_index":0}
INP_PROBE {"accepted":true,"coord":[0,0],"counts":{"chain_cancelled":0,"chain_completed":0,"chain_started":0,"raw":1,"try_add":1},"gesture_probe_seq":1,"ingredient":"tortilla","kind":"try_add","points":[[0,0]],"timestamp_usec":224990}
INP_PROBE {"counts":{"chain_cancelled":0,"chain_completed":0,"chain_started":1,"raw":1,"try_add":1},"gesture_probe_seq":1,"kind":"chain_started","points":[[0,0]],"timestamp_usec":225065}
INP_PROBE {"counts":{"chain_cancelled":0,"chain_completed":0,"chain_started":1,"raw":2,"try_add":1},"device":0,"event_type":"InputEventScreenDrag","gesture_probe_seq":1,"kind":"raw_input","position":[329.5,864.0],"timestamp_usec":225119,"touch_index":0}
INP_PROBE {"accepted":true,"coord":[1,0],"counts":{"chain_cancelled":0,"chain_completed":0,"chain_started":1,"raw":2,"try_add":2},"gesture_probe_seq":1,"ingredient":"tortilla","kind":"try_add","points":[[0,0],[1,0]],"timestamp_usec":225168}
INP_PROBE {"counts":{"chain_cancelled":0,"chain_completed":0,"chain_started":1,"raw":2,"try_add":2},"gesture_probe_seq":1,"kind":"chain_changed","points":[[0,0],[1,0]],"timestamp_usec":225229}
INP_PROBE {"counts":{"chain_cancelled":0,"chain_completed":0,"chain_started":1,"raw":3,"try_add":2},"device":0,"event_type":"InputEventScreenDrag","gesture_probe_seq":1,"kind":"raw_input","position":[540.5,864.0],"timestamp_usec":225278,"touch_index":0}
INP_PROBE {"accepted":true,"coord":[2,0],"counts":{"chain_cancelled":0,"chain_completed":0,"chain_started":1,"raw":3,"try_add":3},"gesture_probe_seq":1,"ingredient":"tortilla","kind":"try_add","points":[[0,0],[1,0],[2,0]],"timestamp_usec":225323}
INP_PROBE {"counts":{"chain_cancelled":0,"chain_completed":0,"chain_started":1,"raw":3,"try_add":3},"gesture_probe_seq":1,"kind":"chain_changed","points":[[0,0],[1,0],[2,0]],"timestamp_usec":225377}
INP_PROBE {"counts":{"chain_cancelled":0,"chain_completed":0,"chain_started":1,"raw":4,"try_add":3},"device":0,"event_type":"InputEventScreenTouch","gesture_probe_seq":1,"kind":"raw_input","position":[540.5,864.0],"pressed":false,"timestamp_usec":225403,"touch_index":0}
INP_PROBE {"counts":{"chain_cancelled":0,"chain_completed":1,"chain_started":1,"raw":4,"try_add":3},"gesture_probe_seq":1,"ingredient":"tortilla","kind":"chain_completed","points":[[0,0],[1,0],[2,0]],"timestamp_usec":225501}
INP_PROBE {"board_seed":20260920,"correlation":"temporal heuristic only; not a physical gesture claim","counts":{"chain_cancelled":0,"chain_completed":0,"chain_started":0,"raw":0,"try_add":0},"display_server":"headless","emulate_mouse_from_touch":true,"emulate_touch_from_mouse":false,"engine":"4.7.2-stable (official)","gesture_probe_seq":0,"kind":"environment","log_path":"","os":"macOS","renderer":"mobile","run_seed":20260921,"timestamp_usec":234381}
INP_PROBE {"button_index":1,"counts":{"chain_cancelled":0,"chain_completed":0,"chain_started":0,"raw":1,"try_add":0},"device":32,"event_type":"InputEventMouseButton","gesture_probe_seq":1,"kind":"raw_input","position":[118.0,864.0],"pressed":true,"timestamp_usec":246306}
INP_PROBE {"counts":{"chain_cancelled":0,"chain_completed":0,"chain_started":1,"raw":1,"try_add":0},"gesture_probe_seq":1,"kind":"chain_started","points":[[0,0]],"timestamp_usec":246394}
INP_PROBE {"button_mask":1,"counts":{"chain_cancelled":0,"chain_completed":0,"chain_started":1,"raw":2,"try_add":0},"device":32,"event_type":"InputEventMouseMotion","gesture_probe_seq":1,"kind":"raw_input","position":[329.5,864.0],"timestamp_usec":246431}
INP_PROBE {"counts":{"chain_cancelled":0,"chain_completed":0,"chain_started":1,"raw":2,"try_add":0},"gesture_probe_seq":1,"kind":"chain_changed","points":[[0,0],[1,0]],"timestamp_usec":246688}
INP_PROBE {"button_mask":1,"counts":{"chain_cancelled":0,"chain_completed":0,"chain_started":1,"raw":3,"try_add":0},"device":32,"event_type":"InputEventMouseMotion","gesture_probe_seq":1,"kind":"raw_input","position":[540.5,864.0],"timestamp_usec":246735}
INP_PROBE {"counts":{"chain_cancelled":0,"chain_completed":0,"chain_started":1,"raw":3,"try_add":0},"gesture_probe_seq":1,"kind":"chain_changed","points":[[0,0],[1,0],[2,0]],"timestamp_usec":246790}
INP_PROBE {"button_index":1,"counts":{"chain_cancelled":0,"chain_completed":0,"chain_started":1,"raw":4,"try_add":0},"device":32,"event_type":"InputEventMouseButton","gesture_probe_seq":1,"kind":"raw_input","position":[540.5,864.0],"pressed":false,"timestamp_usec":246821}
INP_PROBE {"counts":{"chain_cancelled":0,"chain_completed":1,"chain_started":1,"raw":4,"try_add":0},"gesture_probe_seq":1,"ingredient":"tortilla","kind":"chain_completed","points":[[0,0],[1,0],[2,0]],"timestamp_usec":246912}
INP_PROBE {"board_seed":20260920,"correlation":"temporal heuristic only; not a physical gesture claim","counts":{"chain_cancelled":0,"chain_completed":0,"chain_started":0,"raw":0,"try_add":0},"display_server":"headless","emulate_mouse_from_touch":true,"emulate_touch_from_mouse":false,"engine":"4.7.2-stable (official)","gesture_probe_seq":0,"kind":"environment","log_path":"","os":"macOS","renderer":"mobile","run_seed":20260921,"timestamp_usec":255032}
INP_PROBE {"button_index":1,"counts":{"chain_cancelled":0,"chain_completed":0,"chain_started":0,"raw":1,"try_add":0},"device":32,"event_type":"InputEventMouseButton","gesture_probe_seq":1,"kind":"raw_input","position":[118.0,864.0],"pressed":true,"timestamp_usec":266912}
INP_PROBE {"accepted":true,"coord":[0,0],"counts":{"chain_cancelled":0,"chain_completed":0,"chain_started":0,"raw":1,"try_add":1},"gesture_probe_seq":1,"ingredient":"tortilla","kind":"try_add","points":[[0,0]],"timestamp_usec":266981}
INP_PROBE {"counts":{"chain_cancelled":0,"chain_completed":0,"chain_started":1,"raw":1,"try_add":1},"gesture_probe_seq":1,"kind":"chain_started","points":[[0,0]],"timestamp_usec":267014}
INP_PROBE {"button_mask":1,"counts":{"chain_cancelled":0,"chain_completed":0,"chain_started":1,"raw":2,"try_add":1},"device":32,"event_type":"InputEventMouseMotion","gesture_probe_seq":1,"kind":"raw_input","position":[329.5,864.0],"timestamp_usec":267045}
INP_PROBE {"accepted":true,"coord":[1,0],"counts":{"chain_cancelled":0,"chain_completed":0,"chain_started":1,"raw":2,"try_add":2},"gesture_probe_seq":1,"ingredient":"tortilla","kind":"try_add","points":[[0,0],[1,0]],"timestamp_usec":267086}
INP_PROBE {"counts":{"chain_cancelled":0,"chain_completed":0,"chain_started":1,"raw":2,"try_add":2},"gesture_probe_seq":1,"kind":"chain_changed","points":[[0,0],[1,0]],"timestamp_usec":267119}
INP_PROBE {"button_mask":1,"counts":{"chain_cancelled":0,"chain_completed":0,"chain_started":1,"raw":3,"try_add":2},"device":32,"event_type":"InputEventMouseMotion","gesture_probe_seq":1,"kind":"raw_input","position":[540.5,864.0],"timestamp_usec":267149}
INP_PROBE {"accepted":true,"coord":[2,0],"counts":{"chain_cancelled":0,"chain_completed":0,"chain_started":1,"raw":3,"try_add":3},"gesture_probe_seq":1,"ingredient":"tortilla","kind":"try_add","points":[[0,0],[1,0],[2,0]],"timestamp_usec":267186}
INP_PROBE {"counts":{"chain_cancelled":0,"chain_completed":0,"chain_started":1,"raw":3,"try_add":3},"gesture_probe_seq":1,"kind":"chain_changed","points":[[0,0],[1,0],[2,0]],"timestamp_usec":267216}
INP_PROBE {"button_index":1,"counts":{"chain_cancelled":0,"chain_completed":0,"chain_started":1,"raw":4,"try_add":3},"device":32,"event_type":"InputEventMouseButton","gesture_probe_seq":1,"kind":"raw_input","position":[540.5,864.0],"pressed":false,"timestamp_usec":267243}
INP_PROBE {"counts":{"chain_cancelled":0,"chain_completed":1,"chain_started":1,"raw":4,"try_add":3},"gesture_probe_seq":1,"ingredient":"tortilla","kind":"chain_completed","points":[[0,0],[1,0],[2,0]],"timestamp_usec":267316}
INP_PROBE {"board_seed":20260920,"correlation":"temporal heuristic only; not a physical gesture claim","counts":{"chain_cancelled":0,"chain_completed":0,"chain_started":0,"raw":0,"try_add":0},"display_server":"headless","emulate_mouse_from_touch":true,"emulate_touch_from_mouse":false,"engine":"4.7.2-stable (official)","gesture_probe_seq":0,"kind":"environment","log_path":"","os":"macOS","renderer":"mobile","run_seed":20260921,"timestamp_usec":275549}
INP_PROBE {"counts":{"chain_cancelled":0,"chain_completed":0,"chain_started":0,"raw":1,"try_add":0},"device":0,"event_type":"InputEventScreenTouch","gesture_probe_seq":1,"kind":"raw_input","position":[118.0,864.0],"pressed":true,"timestamp_usec":287750,"touch_index":0}
INP_PROBE {"counts":{"chain_cancelled":0,"chain_completed":0,"chain_started":1,"raw":1,"try_add":0},"gesture_probe_seq":1,"kind":"chain_started","points":[[0,0]],"timestamp_usec":287902}
INP_PROBE {"button_index":1,"counts":{"chain_cancelled":0,"chain_completed":0,"chain_started":1,"raw":2,"try_add":0},"device":32,"event_type":"InputEventMouseButton","gesture_probe_seq":1,"kind":"raw_input","position":[118.0,864.0],"pressed":true,"timestamp_usec":287957}
INP_PROBE {"counts":{"chain_cancelled":0,"chain_completed":0,"chain_started":2,"raw":2,"try_add":0},"gesture_probe_seq":1,"kind":"chain_started","points":[[0,0]],"timestamp_usec":288094}
INP_PROBE {"counts":{"chain_cancelled":0,"chain_completed":0,"chain_started":2,"raw":3,"try_add":0},"device":0,"event_type":"InputEventScreenDrag","gesture_probe_seq":1,"kind":"raw_input","position":[329.5,864.0],"timestamp_usec":288148,"touch_index":0}
INP_PROBE {"counts":{"chain_cancelled":0,"chain_completed":0,"chain_started":2,"raw":3,"try_add":0},"gesture_probe_seq":1,"kind":"chain_changed","points":[[0,0],[1,0]],"timestamp_usec":288215}
INP_PROBE {"button_mask":1,"counts":{"chain_cancelled":0,"chain_completed":0,"chain_started":2,"raw":4,"try_add":0},"device":32,"event_type":"InputEventMouseMotion","gesture_probe_seq":1,"kind":"raw_input","position":[329.5,864.0],"timestamp_usec":288364}
INP_PROBE {"counts":{"chain_cancelled":0,"chain_completed":0,"chain_started":2,"raw":5,"try_add":0},"device":0,"event_type":"InputEventScreenDrag","gesture_probe_seq":1,"kind":"raw_input","position":[540.5,864.0],"timestamp_usec":288438,"touch_index":0}
INP_PROBE {"counts":{"chain_cancelled":0,"chain_completed":0,"chain_started":2,"raw":5,"try_add":0},"gesture_probe_seq":1,"kind":"chain_changed","points":[[0,0],[1,0],[2,0]],"timestamp_usec":288503}
INP_PROBE {"button_mask":1,"counts":{"chain_cancelled":0,"chain_completed":0,"chain_started":2,"raw":6,"try_add":0},"device":32,"event_type":"InputEventMouseMotion","gesture_probe_seq":1,"kind":"raw_input","position":[540.5,864.0],"timestamp_usec":288594}
INP_PROBE {"counts":{"chain_cancelled":0,"chain_completed":0,"chain_started":2,"raw":7,"try_add":0},"device":0,"event_type":"InputEventScreenTouch","gesture_probe_seq":1,"kind":"raw_input","position":[540.5,864.0],"pressed":false,"timestamp_usec":288642,"touch_index":0}
INP_PROBE {"counts":{"chain_cancelled":0,"chain_completed":1,"chain_started":2,"raw":7,"try_add":0},"gesture_probe_seq":1,"ingredient":"tortilla","kind":"chain_completed","points":[[0,0],[1,0],[2,0]],"timestamp_usec":288753}
INP_PROBE {"button_index":1,"counts":{"chain_cancelled":0,"chain_completed":1,"chain_started":2,"raw":8,"try_add":0},"device":32,"event_type":"InputEventMouseButton","gesture_probe_seq":1,"kind":"raw_input","position":[540.5,864.0],"pressed":false,"timestamp_usec":288797}
INP_PROBE {"board_seed":20260920,"correlation":"temporal heuristic only; not a physical gesture claim","counts":{"chain_cancelled":0,"chain_completed":0,"chain_started":0,"raw":0,"try_add":0},"display_server":"headless","emulate_mouse_from_touch":true,"emulate_touch_from_mouse":false,"engine":"4.7.2-stable (official)","gesture_probe_seq":0,"kind":"environment","log_path":"","os":"macOS","renderer":"mobile","run_seed":20260921,"timestamp_usec":296682}
INP_PROBE {"counts":{"chain_cancelled":0,"chain_completed":0,"chain_started":0,"raw":1,"try_add":0},"device":0,"event_type":"InputEventScreenTouch","gesture_probe_seq":1,"kind":"raw_input","position":[118.0,864.0],"pressed":true,"timestamp_usec":308398,"touch_index":0}
INP_PROBE {"accepted":true,"coord":[0,0],"counts":{"chain_cancelled":0,"chain_completed":0,"chain_started":0,"raw":1,"try_add":1},"gesture_probe_seq":1,"ingredient":"tortilla","kind":"try_add","points":[[0,0]],"timestamp_usec":308482}
INP_PROBE {"counts":{"chain_cancelled":0,"chain_completed":0,"chain_started":1,"raw":1,"try_add":1},"gesture_probe_seq":1,"kind":"chain_started","points":[[0,0]],"timestamp_usec":308523}
INP_PROBE {"button_index":1,"counts":{"chain_cancelled":0,"chain_completed":0,"chain_started":1,"raw":2,"try_add":1},"device":32,"event_type":"InputEventMouseButton","gesture_probe_seq":1,"kind":"raw_input","position":[118.0,864.0],"pressed":true,"timestamp_usec":308561}
INP_PROBE {"accepted":true,"coord":[0,0],"counts":{"chain_cancelled":0,"chain_completed":0,"chain_started":1,"raw":2,"try_add":2},"gesture_probe_seq":1,"ingredient":"tortilla","kind":"try_add","points":[[0,0]],"timestamp_usec":308609}
INP_PROBE {"counts":{"chain_cancelled":0,"chain_completed":0,"chain_started":2,"raw":2,"try_add":2},"gesture_probe_seq":1,"kind":"chain_started","points":[[0,0]],"timestamp_usec":308639}
INP_PROBE {"counts":{"chain_cancelled":0,"chain_completed":0,"chain_started":2,"raw":3,"try_add":2},"device":0,"event_type":"InputEventScreenDrag","gesture_probe_seq":1,"kind":"raw_input","position":[329.5,864.0],"timestamp_usec":308666,"touch_index":0}
INP_PROBE {"accepted":true,"coord":[1,0],"counts":{"chain_cancelled":0,"chain_completed":0,"chain_started":2,"raw":3,"try_add":3},"gesture_probe_seq":1,"ingredient":"tortilla","kind":"try_add","points":[[0,0],[1,0]],"timestamp_usec":308724}
INP_PROBE {"counts":{"chain_cancelled":0,"chain_completed":0,"chain_started":2,"raw":3,"try_add":3},"gesture_probe_seq":1,"kind":"chain_changed","points":[[0,0],[1,0]],"timestamp_usec":308755}
INP_PROBE {"button_mask":1,"counts":{"chain_cancelled":0,"chain_completed":0,"chain_started":2,"raw":4,"try_add":3},"device":32,"event_type":"InputEventMouseMotion","gesture_probe_seq":1,"kind":"raw_input","position":[329.5,864.0],"timestamp_usec":308786}
INP_PROBE {"accepted":false,"coord":[1,0],"counts":{"chain_cancelled":0,"chain_completed":0,"chain_started":2,"raw":4,"try_add":4},"gesture_probe_seq":1,"ingredient":"tortilla","kind":"try_add","points":[[0,0],[1,0]],"timestamp_usec":308826}
INP_PROBE {"counts":{"chain_cancelled":0,"chain_completed":0,"chain_started":2,"raw":5,"try_add":4},"device":0,"event_type":"InputEventScreenDrag","gesture_probe_seq":1,"kind":"raw_input","position":[540.5,864.0],"timestamp_usec":308853,"touch_index":0}
INP_PROBE {"accepted":true,"coord":[2,0],"counts":{"chain_cancelled":0,"chain_completed":0,"chain_started":2,"raw":5,"try_add":5},"gesture_probe_seq":1,"ingredient":"tortilla","kind":"try_add","points":[[0,0],[1,0],[2,0]],"timestamp_usec":308891}
INP_PROBE {"counts":{"chain_cancelled":0,"chain_completed":0,"chain_started":2,"raw":5,"try_add":5},"gesture_probe_seq":1,"kind":"chain_changed","points":[[0,0],[1,0],[2,0]],"timestamp_usec":308920}
INP_PROBE {"button_mask":1,"counts":{"chain_cancelled":0,"chain_completed":0,"chain_started":2,"raw":6,"try_add":5},"device":32,"event_type":"InputEventMouseMotion","gesture_probe_seq":1,"kind":"raw_input","position":[540.5,864.0],"timestamp_usec":308948}
INP_PROBE {"accepted":false,"coord":[2,0],"counts":{"chain_cancelled":0,"chain_completed":0,"chain_started":2,"raw":6,"try_add":6},"gesture_probe_seq":1,"ingredient":"tortilla","kind":"try_add","points":[[0,0],[1,0],[2,0]],"timestamp_usec":308990}
INP_PROBE {"counts":{"chain_cancelled":0,"chain_completed":0,"chain_started":2,"raw":7,"try_add":6},"device":0,"event_type":"InputEventScreenTouch","gesture_probe_seq":1,"kind":"raw_input","position":[540.5,864.0],"pressed":false,"timestamp_usec":309017,"touch_index":0}
INP_PROBE {"counts":{"chain_cancelled":0,"chain_completed":1,"chain_started":2,"raw":7,"try_add":6},"gesture_probe_seq":1,"ingredient":"tortilla","kind":"chain_completed","points":[[0,0],[1,0],[2,0]],"timestamp_usec":309099}
INP_PROBE {"button_index":1,"counts":{"chain_cancelled":0,"chain_completed":1,"chain_started":2,"raw":8,"try_add":6},"device":32,"event_type":"InputEventMouseButton","gesture_probe_seq":1,"kind":"raw_input","position":[540.5,864.0],"pressed":false,"timestamp_usec":309136}
INP_PROBE {"board_seed":20260920,"correlation":"temporal heuristic only; not a physical gesture claim","counts":{"chain_cancelled":0,"chain_completed":0,"chain_started":0,"raw":0,"try_add":0},"display_server":"headless","emulate_mouse_from_touch":true,"emulate_touch_from_mouse":false,"engine":"4.7.2-stable (official)","gesture_probe_seq":0,"kind":"environment","log_path":"","os":"macOS","renderer":"mobile","run_seed":20260921,"timestamp_usec":317623}
INP_PROBE {"board_seed":20260920,"counts":{"chain_cancelled":0,"chain_completed":0,"chain_started":0,"raw":0,"try_add":0},"gesture_probe_seq":0,"kind":"reset","layout":"two_tortilla_rows","timestamp_usec":329186}
INP_PROBE {"counts":{"chain_cancelled":0,"chain_completed":0,"chain_started":0,"raw":1,"try_add":0},"device":0,"event_type":"InputEventScreenTouch","gesture_probe_seq":1,"kind":"raw_input","position":[118.0,864.0],"pressed":true,"timestamp_usec":329240,"touch_index":0}
INP_PROBE {"accepted":true,"coord":[0,0],"counts":{"chain_cancelled":0,"chain_completed":0,"chain_started":0,"raw":1,"try_add":1},"gesture_probe_seq":1,"ingredient":"tortilla","kind":"try_add","points":[[0,0]],"timestamp_usec":329311}
INP_PROBE {"counts":{"chain_cancelled":0,"chain_completed":0,"chain_started":1,"raw":1,"try_add":1},"gesture_probe_seq":1,"kind":"chain_started","points":[[0,0]],"timestamp_usec":329361}
INP_PROBE {"counts":{"chain_cancelled":0,"chain_completed":0,"chain_started":1,"raw":2,"try_add":1},"device":0,"event_type":"InputEventScreenTouch","gesture_probe_seq":1,"kind":"raw_input","position":[118.0,864.0],"pressed":false,"timestamp_usec":329392,"touch_index":0}
INP_PROBE {"counts":{"chain_cancelled":1,"chain_completed":0,"chain_started":1,"raw":2,"try_add":1},"gesture_probe_seq":1,"kind":"chain_cancelled","timestamp_usec":329427}
INP_PROBE {"board_seed":20260920,"counts":{"chain_cancelled":0,"chain_completed":0,"chain_started":0,"raw":0,"try_add":0},"gesture_probe_seq":1,"kind":"reset","layout":"two_tortilla_rows","timestamp_usec":329546}
INP_PROBE {"counts":{"chain_cancelled":0,"chain_completed":0,"chain_started":0,"raw":1,"try_add":0},"device":0,"event_type":"InputEventScreenTouch","gesture_probe_seq":2,"kind":"raw_input","position":[118.0,864.0],"pressed":true,"timestamp_usec":329578,"touch_index":0}
INP_PROBE {"accepted":true,"coord":[0,0],"counts":{"chain_cancelled":0,"chain_completed":0,"chain_started":0,"raw":1,"try_add":1},"gesture_probe_seq":2,"ingredient":"tortilla","kind":"try_add","points":[[0,0]],"timestamp_usec":329627}
INP_PROBE {"counts":{"chain_cancelled":0,"chain_completed":0,"chain_started":1,"raw":1,"try_add":1},"gesture_probe_seq":2,"kind":"chain_started","points":[[0,0]],"timestamp_usec":329658}
INP_PROBE {"counts":{"chain_cancelled":0,"chain_completed":0,"chain_started":1,"raw":2,"try_add":1},"device":0,"event_type":"InputEventScreenDrag","gesture_probe_seq":2,"kind":"raw_input","position":[329.5,864.0],"timestamp_usec":329687,"touch_index":0}
INP_PROBE {"accepted":true,"coord":[1,0],"counts":{"chain_cancelled":0,"chain_completed":0,"chain_started":1,"raw":2,"try_add":2},"gesture_probe_seq":2,"ingredient":"tortilla","kind":"try_add","points":[[0,0],[1,0]],"timestamp_usec":329733}
INP_PROBE {"counts":{"chain_cancelled":0,"chain_completed":0,"chain_started":1,"raw":2,"try_add":2},"gesture_probe_seq":2,"kind":"chain_changed","points":[[0,0],[1,0]],"timestamp_usec":329765}
INP_PROBE {"counts":{"chain_cancelled":0,"chain_completed":0,"chain_started":1,"raw":3,"try_add":2},"device":0,"event_type":"InputEventScreenDrag","gesture_probe_seq":2,"kind":"raw_input","position":[540.5,864.0],"timestamp_usec":329791,"touch_index":0}
INP_PROBE {"accepted":true,"coord":[2,0],"counts":{"chain_cancelled":0,"chain_completed":0,"chain_started":1,"raw":3,"try_add":3},"gesture_probe_seq":2,"ingredient":"tortilla","kind":"try_add","points":[[0,0],[1,0],[2,0]],"timestamp_usec":329836}
INP_PROBE {"counts":{"chain_cancelled":0,"chain_completed":0,"chain_started":1,"raw":3,"try_add":3},"gesture_probe_seq":2,"kind":"chain_changed","points":[[0,0],[1,0],[2,0]],"timestamp_usec":329868}
INP_PROBE {"counts":{"chain_cancelled":0,"chain_completed":0,"chain_started":1,"raw":4,"try_add":3},"device":0,"event_type":"InputEventScreenDrag","gesture_probe_seq":2,"kind":"raw_input","position":[751.5,864.0],"timestamp_usec":329894,"touch_index":0}
INP_PROBE {"accepted":true,"coord":[3,0],"counts":{"chain_cancelled":0,"chain_completed":0,"chain_started":1,"raw":4,"try_add":4},"gesture_probe_seq":2,"ingredient":"tortilla","kind":"try_add","points":[[0,0],[1,0],[2,0],[3,0]],"timestamp_usec":329934}
INP_PROBE {"counts":{"chain_cancelled":0,"chain_completed":0,"chain_started":1,"raw":4,"try_add":4},"gesture_probe_seq":2,"kind":"chain_changed","points":[[0,0],[1,0],[2,0],[3,0]],"timestamp_usec":329966}
INP_PROBE {"counts":{"chain_cancelled":0,"chain_completed":0,"chain_started":1,"raw":5,"try_add":4},"device":0,"event_type":"InputEventScreenTouch","gesture_probe_seq":2,"kind":"raw_input","position":[751.5,864.0],"pressed":false,"timestamp_usec":329992,"touch_index":0}
INP_PROBE {"counts":{"chain_cancelled":0,"chain_completed":1,"chain_started":1,"raw":5,"try_add":4},"gesture_probe_seq":2,"ingredient":"tortilla","kind":"chain_completed","points":[[0,0],[1,0],[2,0],[3,0]],"timestamp_usec":330081}
INP_PROBE {"board_seed":20260920,"counts":{"chain_cancelled":0,"chain_completed":0,"chain_started":0,"raw":0,"try_add":0},"gesture_probe_seq":2,"kind":"reset","layout":"two_tortilla_rows","timestamp_usec":330200}
INP_PROBE {"counts":{"chain_cancelled":0,"chain_completed":0,"chain_started":0,"raw":1,"try_add":0},"device":0,"event_type":"InputEventScreenTouch","gesture_probe_seq":3,"kind":"raw_input","position":[118.0,864.0],"pressed":true,"timestamp_usec":330230,"touch_index":0}
INP_PROBE {"accepted":true,"coord":[0,0],"counts":{"chain_cancelled":0,"chain_completed":0,"chain_started":0,"raw":1,"try_add":1},"gesture_probe_seq":3,"ingredient":"tortilla","kind":"try_add","points":[[0,0]],"timestamp_usec":330278}
INP_PROBE {"counts":{"chain_cancelled":0,"chain_completed":0,"chain_started":1,"raw":1,"try_add":1},"gesture_probe_seq":3,"kind":"chain_started","points":[[0,0]],"timestamp_usec":330310}
INP_PROBE {"counts":{"chain_cancelled":0,"chain_completed":0,"chain_started":1,"raw":2,"try_add":1},"device":0,"event_type":"InputEventScreenDrag","gesture_probe_seq":3,"kind":"raw_input","position":[329.5,864.0],"timestamp_usec":330338,"touch_index":0}
INP_PROBE {"accepted":true,"coord":[1,0],"counts":{"chain_cancelled":0,"chain_completed":0,"chain_started":1,"raw":2,"try_add":2},"gesture_probe_seq":3,"ingredient":"tortilla","kind":"try_add","points":[[0,0],[1,0]],"timestamp_usec":330378}
INP_PROBE {"counts":{"chain_cancelled":0,"chain_completed":0,"chain_started":1,"raw":2,"try_add":2},"gesture_probe_seq":3,"kind":"chain_changed","points":[[0,0],[1,0]],"timestamp_usec":330410}
INP_PROBE {"counts":{"chain_cancelled":0,"chain_completed":0,"chain_started":1,"raw":3,"try_add":2},"device":0,"event_type":"InputEventScreenDrag","gesture_probe_seq":3,"kind":"raw_input","position":[540.5,864.0],"timestamp_usec":330441,"touch_index":0}
INP_PROBE {"accepted":true,"coord":[2,0],"counts":{"chain_cancelled":0,"chain_completed":0,"chain_started":1,"raw":3,"try_add":3},"gesture_probe_seq":3,"ingredient":"tortilla","kind":"try_add","points":[[0,0],[1,0],[2,0]],"timestamp_usec":330482}
INP_PROBE {"counts":{"chain_cancelled":0,"chain_completed":0,"chain_started":1,"raw":3,"try_add":3},"gesture_probe_seq":3,"kind":"chain_changed","points":[[0,0],[1,0],[2,0]],"timestamp_usec":330515}
INP_PROBE {"counts":{"chain_cancelled":0,"chain_completed":0,"chain_started":1,"raw":4,"try_add":3},"device":0,"event_type":"InputEventScreenDrag","gesture_probe_seq":3,"kind":"raw_input","position":[751.5,864.0],"timestamp_usec":330542,"touch_index":0}
INP_PROBE {"accepted":true,"coord":[3,0],"counts":{"chain_cancelled":0,"chain_completed":0,"chain_started":1,"raw":4,"try_add":4},"gesture_probe_seq":3,"ingredient":"tortilla","kind":"try_add","points":[[0,0],[1,0],[2,0],[3,0]],"timestamp_usec":330583}
INP_PROBE {"counts":{"chain_cancelled":0,"chain_completed":0,"chain_started":1,"raw":4,"try_add":4},"gesture_probe_seq":3,"kind":"chain_changed","points":[[0,0],[1,0],[2,0],[3,0]],"timestamp_usec":330618}
INP_PROBE {"counts":{"chain_cancelled":0,"chain_completed":0,"chain_started":1,"raw":5,"try_add":4},"device":0,"event_type":"InputEventScreenDrag","gesture_probe_seq":3,"kind":"raw_input","position":[962.5,864.0],"timestamp_usec":330645,"touch_index":0}
INP_PROBE {"accepted":true,"coord":[4,0],"counts":{"chain_cancelled":0,"chain_completed":0,"chain_started":1,"raw":5,"try_add":5},"gesture_probe_seq":3,"ingredient":"tortilla","kind":"try_add","points":[[0,0],[1,0],[2,0],[3,0],[4,0]],"timestamp_usec":330686}
INP_PROBE {"counts":{"chain_cancelled":0,"chain_completed":0,"chain_started":1,"raw":5,"try_add":5},"gesture_probe_seq":3,"kind":"chain_changed","points":[[0,0],[1,0],[2,0],[3,0],[4,0]],"timestamp_usec":330719}
INP_PROBE {"counts":{"chain_cancelled":0,"chain_completed":0,"chain_started":1,"raw":6,"try_add":5},"device":0,"event_type":"InputEventScreenTouch","gesture_probe_seq":3,"kind":"raw_input","position":[962.5,864.0],"pressed":false,"timestamp_usec":330746,"touch_index":0}
INP_PROBE {"counts":{"chain_cancelled":0,"chain_completed":1,"chain_started":1,"raw":6,"try_add":5},"gesture_probe_seq":3,"ingredient":"tortilla","kind":"chain_completed","points":[[0,0],[1,0],[2,0],[3,0],[4,0]],"timestamp_usec":330835}
INP_PROBE {"board_seed":20260920,"counts":{"chain_cancelled":0,"chain_completed":0,"chain_started":0,"raw":0,"try_add":0},"gesture_probe_seq":3,"kind":"reset","layout":"two_tortilla_rows","timestamp_usec":330961}
INP_PROBE {"counts":{"chain_cancelled":0,"chain_completed":0,"chain_started":0,"raw":1,"try_add":0},"device":0,"event_type":"InputEventScreenTouch","gesture_probe_seq":4,"kind":"raw_input","position":[118.0,864.0],"pressed":true,"timestamp_usec":330992,"touch_index":0}
INP_PROBE {"accepted":true,"coord":[0,0],"counts":{"chain_cancelled":0,"chain_completed":0,"chain_started":0,"raw":1,"try_add":1},"gesture_probe_seq":4,"ingredient":"tortilla","kind":"try_add","points":[[0,0]],"timestamp_usec":331039}
INP_PROBE {"counts":{"chain_cancelled":0,"chain_completed":0,"chain_started":1,"raw":1,"try_add":1},"gesture_probe_seq":4,"kind":"chain_started","points":[[0,0]],"timestamp_usec":331076}
INP_PROBE {"counts":{"chain_cancelled":0,"chain_completed":0,"chain_started":1,"raw":2,"try_add":1},"device":0,"event_type":"InputEventScreenDrag","gesture_probe_seq":4,"kind":"raw_input","position":[118.0,1075.5],"timestamp_usec":331103,"touch_index":0}
INP_PROBE {"accepted":true,"coord":[0,1],"counts":{"chain_cancelled":0,"chain_completed":0,"chain_started":1,"raw":2,"try_add":2},"gesture_probe_seq":4,"ingredient":"tortilla","kind":"try_add","points":[[0,0],[0,1]],"timestamp_usec":331145}
INP_PROBE {"counts":{"chain_cancelled":0,"chain_completed":0,"chain_started":1,"raw":2,"try_add":2},"gesture_probe_seq":4,"kind":"chain_changed","points":[[0,0],[0,1]],"timestamp_usec":331177}
INP_PROBE {"counts":{"chain_cancelled":0,"chain_completed":0,"chain_started":1,"raw":3,"try_add":2},"device":0,"event_type":"InputEventScreenDrag","gesture_probe_seq":4,"kind":"raw_input","position":[329.5,1075.5],"timestamp_usec":331203,"touch_index":0}
INP_PROBE {"accepted":true,"coord":[1,1],"counts":{"chain_cancelled":0,"chain_completed":0,"chain_started":1,"raw":3,"try_add":3},"gesture_probe_seq":4,"ingredient":"tortilla","kind":"try_add","points":[[0,0],[0,1],[1,1]],"timestamp_usec":331244}
INP_PROBE {"counts":{"chain_cancelled":0,"chain_completed":0,"chain_started":1,"raw":3,"try_add":3},"gesture_probe_seq":4,"kind":"chain_changed","points":[[0,0],[0,1],[1,1]],"timestamp_usec":331277}
INP_PROBE {"counts":{"chain_cancelled":0,"chain_completed":0,"chain_started":1,"raw":4,"try_add":3},"device":0,"event_type":"InputEventScreenDrag","gesture_probe_seq":4,"kind":"raw_input","position":[329.5,864.0],"timestamp_usec":331303,"touch_index":0}
INP_PROBE {"accepted":true,"coord":[1,0],"counts":{"chain_cancelled":0,"chain_completed":0,"chain_started":1,"raw":4,"try_add":4},"gesture_probe_seq":4,"ingredient":"tortilla","kind":"try_add","points":[[0,0],[0,1],[1,1],[1,0]],"timestamp_usec":331344}
INP_PROBE {"counts":{"chain_cancelled":0,"chain_completed":0,"chain_started":1,"raw":4,"try_add":4},"gesture_probe_seq":4,"kind":"chain_changed","points":[[0,0],[0,1],[1,1],[1,0]],"timestamp_usec":331377}
INP_PROBE {"counts":{"chain_cancelled":0,"chain_completed":0,"chain_started":1,"raw":5,"try_add":4},"device":0,"event_type":"InputEventScreenDrag","gesture_probe_seq":4,"kind":"raw_input","position":[540.5,864.0],"timestamp_usec":331403,"touch_index":0}
INP_PROBE {"accepted":true,"coord":[2,0],"counts":{"chain_cancelled":0,"chain_completed":0,"chain_started":1,"raw":5,"try_add":5},"gesture_probe_seq":4,"ingredient":"tortilla","kind":"try_add","points":[[0,0],[0,1],[1,1],[1,0],[2,0]],"timestamp_usec":331444}
INP_PROBE {"counts":{"chain_cancelled":0,"chain_completed":0,"chain_started":1,"raw":5,"try_add":5},"gesture_probe_seq":4,"kind":"chain_changed","points":[[0,0],[0,1],[1,1],[1,0],[2,0]],"timestamp_usec":331479}
INP_PROBE {"counts":{"chain_cancelled":0,"chain_completed":0,"chain_started":1,"raw":6,"try_add":5},"device":0,"event_type":"InputEventScreenTouch","gesture_probe_seq":4,"kind":"raw_input","position":[540.5,864.0],"pressed":false,"timestamp_usec":331506,"touch_index":0}
INP_PROBE {"counts":{"chain_cancelled":0,"chain_completed":1,"chain_started":1,"raw":6,"try_add":5},"gesture_probe_seq":4,"ingredient":"tortilla","kind":"chain_completed","points":[[0,0],[0,1],[1,1],[1,0],[2,0]],"timestamp_usec":331607}
INP_PROBE {"counts":{"chain_cancelled":10000,"chain_completed":10000,"chain_started":10000,"raw":10001,"try_add":10000},"device":0,"event_type":"InputEventScreenTouch","gesture_probe_seq":5,"kind":"raw_input","position":[10.0,10.0],"pressed":true,"timestamp_usec":342848,"touch_index":0}
INP_PROBE {"button_index":0,"counts":{"chain_cancelled":10000,"chain_completed":10000,"chain_started":10000,"raw":10002,"try_add":10000},"device":32,"event_type":"InputEventMouseButton","gesture_probe_seq":6,"kind":"raw_input","position":[100.0,100.0],"pressed":true,"timestamp_usec":342908}
INP_PROBE {"counts":{"chain_cancelled":10000,"chain_completed":10000,"chain_started":10000,"raw":10002,"try_add":10000},"emulate_mouse_from_touch":false,"gesture_probe_seq":6,"kind":"scenario","scenario":"B","timestamp_usec":343172}
INP_PROBE {"counts":{"chain_cancelled":10000,"chain_completed":10000,"chain_started":10000,"raw":10002,"try_add":10000},"emulate_mouse_from_touch":true,"gesture_probe_seq":6,"kind":"scenario","scenario":"A","timestamp_usec":343207}
INP_PROBE_TEST 62 checks 0 failures; synthetic evidence only
